******************************************************************************
                  TI ARM Linker PC v20.2.6                     
******************************************************************************
>> Linked Tue Dec  6 15:24:02 2022

OUTPUT FILE NAME:   <FinalProjectTimer.out>
ENTRY POINT SYMBOL: "_c_int00_noargs"  address: 00001751


MEMORY CONFIGURATION

         name            origin    length      used     unused   attr    fill
----------------------  --------  ---------  --------  --------  ----  --------
  MAIN                  00000000   00040000  000018cc  0003e734  R  X
  INFO                  00200000   00004000  00000000  00004000  R  X
  SRAM_CODE             01000000   00010000  00000243  0000fdbd  RW X
  SRAM_DATA             20000000   00010000  00000243  0000fdbd  RW  


SEGMENT ALLOCATION MAP

run origin  load origin   length   init length attrs members
----------  ----------- ---------- ----------- ----- -------
00000000    00000000    000018d0   000018d0    r-x
  00000000    00000000    000000e4   000000e4    r-- .intvecs
  000000e4    000000e4    00001704   00001704    r-x .text
  000017e8    000017e8    000000ac   000000ac    r-- .const
  00001898    00001898    00000038   00000038    r-- .cinit
20000000    20000000    00000043   00000000    rw-
  20000000    20000000    00000028   00000000    rw- .data
  20000028    20000028    0000001b   00000000    rw- .bss
2000fe00    2000fe00    00000200   00000000    rw-
  2000fe00    2000fe00    00000200   00000000    rw- .stack


SECTION ALLOCATION MAP

 output                                  attributes/
section   page    origin      length       input sections
--------  ----  ----------  ----------   ----------------
.intvecs   0    00000000    000000e4     
                  00000000    000000e4     startup_msp432p401r_ccs.obj (.intvecs:retain)

.text      0    000000e4    00001704     
                  000000e4    000006c8     TExaS.obj (.text)
                  000007ac    0000032c     system_msp432p401r.obj (.text)
                  00000ad8    0000028c     Motor.obj (.text)
                  00000d64    00000248     BumpInt.obj (.text)
                  00000fac    0000021c     Reflectance.obj (.text)
                  000011c8    000001e0     Clock.obj (.text)
                  000013a8    000000f8     LaunchPad.obj (.text)
                  000014a0    000000e0     FinalProjectTimermain.obj (.text)
                  00001580    0000009c     rtsv7M4_T_le_v4SPD16_eabi.lib : memcpy_t2.asm.obj (.text)
                  0000161c    00000088     TimerA1.obj (.text)
                  000016a4    00000068     rtsv7M4_T_le_v4SPD16_eabi.lib : copy_decompress_lzss.c.obj (.text:decompress:lzss:__TI_decompress_lzss)
                  0000170c    00000044                                   : autoinit.c.obj (.text:__TI_auto_init_nobinit_nopinit:__TI_auto_init_nobinit_nopinit)
                  00001750    00000034                                   : boot_cortex_m.c.obj (.text:_c_int00_noargs:_c_int00_noargs)
                  00001784    00000024     CortexM.obj (.text)
                  000017a8    0000001c     rtsv7M4_T_le_v4SPD16_eabi.lib : copy_zero_init.c.obj (.text:decompress:ZI:__TI_zero_init_nomemset:__TI_zero_init_nomemset)
                  000017c4    0000000e                                   : copy_decompress_none.c.obj (.text:decompress:none:__TI_decompress_none)
                  000017d2    0000000e     startup_msp432p401r_ccs.obj (.text)
                  000017e0    00000004     rtsv7M4_T_le_v4SPD16_eabi.lib : pre_init.c.obj (.text:_system_pre_init)
                  000017e4    00000004                                   : exit.c.obj (.text:abort:abort)

.const     0    000017e8    000000ac     
                  000017e8    00000090     FinalProjectTimermain.obj (.const:fsm)
                  00001878    0000001c     Reflectance.obj (.const:$P$T0$1)

.cinit     0    00001898    00000038     
                  00001898    0000000d     (.cinit..data.load) [load image, compression = lzss]
                  000018a5    00000003     --HOLE-- [fill = 0]
                  000018a8    0000000c     (__TI_handler_table)
                  000018b4    00000004     --HOLE-- [fill = 0]
                  000018b8    00000008     (.cinit..bss.load) [load image, compression = zero_init]
                  000018c0    00000010     (__TI_cinit_table)

.init_array 
*          0    00000000    00000000     UNINITIALIZED

.binit     0    00000000    00000000     

.data      0    20000000    00000028     UNINITIALIZED
                  20000000    00000018     Clock.obj (.data)
                  20000018    0000000c     TExaS.obj (.data)
                  20000024    00000004     system_msp432p401r.obj (.data)

.bss       0    20000028    0000001b     UNINITIALIZED
                  20000028    00000004     (.common:BumpTask)
                  2000002c    00000004     (.common:Input)
                  20000030    00000004     (.common:Output)
                  20000034    00000004     (.common:PeriodicTask2)
                  20000038    00000004     (.common:Spt)
                  2000003c    00000004     (.common:TimerA1Task)
                  20000040    00000001     (.common:CollisionData)
                  20000041    00000001     (.common:CollisionFlag)
                  20000042    00000001     (.common:LogicData)

.stack     0    2000fe00    00000200     UNINITIALIZED
                  2000fe00    00000004     rtsv7M4_T_le_v4SPD16_eabi.lib : boot_cortex_m.c.obj (.stack)
                  2000fe04    000001fc     --HOLE--

__llvm_prf_cnts 
*          0    20000000    00000000     UNINITIALIZED

MODULE SUMMARY

       Module                        code   ro data   rw data
       ------                        ----   -------   -------
    .\
       TExaS.obj                     1736   0         34     
       system_msp432p401r.obj        812    0         8      
       Motor.obj                     652    0         0      
       BumpInt.obj                   584    0         8      
       Reflectance.obj               540    28        0      
       Clock.obj                     480    0         48     
       FinalProjectTimermain.obj     224    144       28     
       LaunchPad.obj                 248    0         0      
       startup_msp432p401r_ccs.obj   14     228       0      
       TimerA1.obj                   136    0         8      
       CortexM.obj                   36     0         0      
    +--+-----------------------------+------+---------+---------+
       Total:                        5462   400       134    
                                                             
    C:\ti\ccs1200\ccs\tools\compiler\ti-cgt-arm_20.2.6.LTS\lib\rtsv7M4_T_le_v4SPD16_eabi.lib
       memcpy_t2.asm.obj             156    0         0      
       copy_decompress_lzss.c.obj    104    0         0      
       autoinit.c.obj                68     0         0      
       boot_cortex_m.c.obj           52     0         0      
       copy_zero_init.c.obj          28     0         0      
       copy_decompress_none.c.obj    14     0         0      
       exit.c.obj                    4      0         0      
       pre_init.c.obj                4      0         0      
    +--+-----------------------------+------+---------+---------+
       Total:                        430    0         0      
                                                             
       Stack:                        0      0         1024   
       Linker Generated:             0      49        0      
    +--+-----------------------------+------+---------+---------+
       Grand Total:                  5892   449       1158   


LINKER GENERATED COPY TABLES

__TI_cinit_table @ 000018c0 records: 2, size/record: 8, table size: 16
	.data: load addr=00001898, load size=0000000d bytes, run addr=20000000, run size=00000028 bytes, compression=lzss
	.bss: load addr=000018b8, load size=00000008 bytes, run addr=20000028, run size=0000001b bytes, compression=zero_init


LINKER GENERATED HANDLER TABLE

__TI_handler_table @ 000018a8 records: 3, size/record: 4, table size: 12
	index: 0, handler: __TI_decompress_lzss
	index: 1, handler: __TI_decompress_none
	index: 2, handler: __TI_zero_init


GLOBAL SYMBOLS: SORTED ALPHABETICALLY BY Name 

address   name                                   
-------   ----                                   
000017df  ADC14_IRQHandler                       
000004f1  ADC_Init                               
000017df  AES256_IRQHandler                      
00000d65  BumpInt_Init                           
20000028  BumpTask                               
00000f6b  Bump_Read                              
000017df  BusFault_Handler                       
000017e5  C$$EXIT                                
000017df  COMP_E0_IRQHandler                     
000017df  COMP_E1_IRQHandler                     
20000008  CPMwait                                
000017df  CS_IRQHandler                          
20000000  ClockFrequency                         
0000131d  Clock_Delay1ms                         
000012f3  Clock_Delay1us                         
000012df  Clock_GetFreq                          
000011c9  Clock_Init48MHz                        
20000040  CollisionData                          
20000041  CollisionFlag                          
20000014  Crystalstable                          
000017df  DMA_ERR_IRQHandler                     
000017df  DMA_INT0_IRQHandler                    
000017df  DMA_INT1_IRQHandler                    
000017df  DMA_INT2_IRQHandler                    
000017df  DMA_INT3_IRQHandler                    
000017df  DebugMon_Handler                       
000017df  Default_Handler                        
00001785  DisableInterrupts                      
000017df  EUSCIA0_IRQHandler                     
000017df  EUSCIA1_IRQHandler                     
000017df  EUSCIA2_IRQHandler                     
000017df  EUSCIA3_IRQHandler                     
000017df  EUSCIB0_IRQHandler                     
000017df  EUSCIB1_IRQHandler                     
000017df  EUSCIB2_IRQHandler                     
000017df  EUSCIB3_IRQHandler                     
0000178b  EnableInterrupts                       
0000179b  EndCritical                            
000017df  FLCTL_IRQHandler                       
000017df  FPU_IRQHandler                         
000014a1  HandleCollision                        
000017df  HardFault_Handler                      
20000010  IFlags                                 
2000002c  Input                                  
000013a9  LaunchPad_Init                         
00001419  LaunchPad_Input                        
00001437  LaunchPad_LED                          
00001455  LaunchPad_Output                       
000000e5  LogicAnalyzer                          
000000ef  LogicAnalyzer_P1                       
000001c5  LogicAnalyzer_P10                      
000000fd  LogicAnalyzer_P2                       
000001d3  LogicAnalyzer_P27_P26_P82_P92_P104_P105
0000010b  LogicAnalyzer_P2_7654                  
0000011b  LogicAnalyzer_P3                       
00000129  LogicAnalyzer_P4                       
00000147  LogicAnalyzer_P4_765320                
00000137  LogicAnalyzer_P4_765432                
0000017f  LogicAnalyzer_P5                       
0000020b  LogicAnalyzer_P55_P54_P27_P26_P37_P36  
0000018d  LogicAnalyzer_P6                       
0000019b  LogicAnalyzer_P7                       
000001a9  LogicAnalyzer_P8                       
000001b7  LogicAnalyzer_P9                       
20000042  LogicData                              
000017df  MemManage_Handler                      
00000cd5  Motor_Backward                         
00000bfd  Motor_Forward                          
00000ad9  Motor_Init                             
00000c8d  Motor_Left                             
00000c45  Motor_Right                            
00000bd3  Motor_Stop                             
000017df  NMI_Handler                            
20000030  Output                                 
000017df  PCM_IRQHandler                         
000017df  PORT1_IRQHandler                       
000017df  PORT2_IRQHandler                       
000017df  PORT3_IRQHandler                       
00000f77  PORT4_IRQHandler                       
00000f77  PORT4_IRQHandler                       
000017df  PORT5_IRQHandler                       
000017df  PORT6_IRQHandler                       
000017df  PSS_IRQHandler                         
000017df  PendSV_Handler                         
20000034  PeriodicTask2                          
000002b9  PeriodicTask2_Init                     
00000333  PeriodicTask2_Stop                     
2000000c  Postwait                               
20000004  Prewait                                
000017df  RTC_C_IRQHandler                       
00001071  Reflectance_Center                     
0000118d  Reflectance_End                        
00000fad  Reflectance_Init                       
00001121  Reflectance_Position                   
00001019  Reflectance_Read                       
0000118b  Reflectance_Start                      
000017d3  Reset_Handler                          
000017df  SVC_Handler                            
00000235  Scope                                  
20000038  Spt                                    
00001791  StartCritical                          
000017df  SysTick_Handler                        
20000024  SystemCoreClock                        
000007ad  SystemCoreClockUpdate                  
00000a21  SystemInit                             
00000323  T32_INT1_IRQHandler                    
00000323  T32_INT1_IRQHandler                    
000017df  T32_INT2_IRQHandler                    
000017df  T32_INTC_IRQHandler                    
000017df  TA0_0_IRQHandler                       
000017df  TA0_N_IRQHandler                       
00001673  TA1_0_IRQHandler                       
00001673  TA1_0_IRQHandler                       
000017df  TA1_N_IRQHandler                       
000017df  TA2_0_IRQHandler                       
000017df  TA2_N_IRQHandler                       
000017df  TA3_0_IRQHandler                       
000017df  TA3_N_IRQHandler                       
00000485  TExaS_Clear0                           
00000491  TExaS_Clear1                           
000004a5  TExaS_Clear2                           
000004b1  TExaS_Clear3                           
000004bd  TExaS_Clear4                           
000004bf  TExaS_Clear5                           
000004cb  TExaS_Clear6                           
000005b5  TExaS_Init                             
2000001c  TExaS_ScopeErrConflict                 
20000018  TExaS_ScopeErrLostData                 
20000020  TExaS_ScopeWrnReconfig                 
00000413  TExaS_Set                              
0000042b  TExaS_Set0                             
00000437  TExaS_Set1                             
00000443  TExaS_Set2                             
0000044f  TExaS_Set3                             
0000045b  TExaS_Set4                             
0000045d  TExaS_Set5                             
00000475  TExaS_Set6                             
00000741  TExaS_Stop                             
000003c9  TExaS_Task0                            
000003d5  TExaS_Task1                            
000003e1  TExaS_Task2                            
000003ed  TExaS_Task3                            
000003f9  TExaS_Task4                            
000003fb  TExaS_Task5                            
00000407  TExaS_Task6                            
000014bb  Task                                   
2000003c  TimerA1Task                            
0000161d  TimerA1_Init                           
00001671  TimerA1_Stop                           
0000039d  UART_InChar                            
00000343  UART_Init                              
000003ad  UART_OutChar                           
000017df  UsageFault_Handler                     
4000480c  WDTCTL_SYM                             
000017df  WDT_A_IRQHandler                       
000017a3  WaitForInterrupt                       
20010000  __STACK_END                            
00000200  __STACK_SIZE                           
000018c0  __TI_CINIT_Base                        
000018d0  __TI_CINIT_Limit                       
000018a8  __TI_Handler_Table_Base                
000018b4  __TI_Handler_Table_Limit               
0000170d  __TI_auto_init_nobinit_nopinit         
000016a5  __TI_decompress_lzss                   
000017c5  __TI_decompress_none                   
ffffffff  __TI_pprof_out_hndl                    
ffffffff  __TI_prof_data_size                    
ffffffff  __TI_prof_data_start                   
00000000  __TI_static_base__                     
000017a9  __TI_zero_init_nomemset                
00001581  __aeabi_memcpy                         
00001581  __aeabi_memcpy4                        
00001581  __aeabi_memcpy8                        
ffffffff  __binit__                              
ffffffff  __c_args__                             
UNDEFED   __mpu_init                             
2000fe00  __stack                                
20000000  __start___llvm_prf_cnts                
20000000  __stop___llvm_prf_cnts                 
00001751  _c_int00_noargs                        
UNDEFED   _system_post_cinit                     
000017e1  _system_pre_init                       
000017e5  abort                                  
ffffffff  binit                                  
000012e5  delay                                  
000017e8  fsm                                    
00000000  interruptVectors                       
00001527  main                                   
00001581  memcpy                                 


GLOBAL SYMBOLS: SORTED BY Symbol Address 

address   name                                   
-------   ----                                   
00000000  __TI_static_base__                     
00000000  interruptVectors                       
000000e5  LogicAnalyzer                          
000000ef  LogicAnalyzer_P1                       
000000fd  LogicAnalyzer_P2                       
0000010b  LogicAnalyzer_P2_7654                  
0000011b  LogicAnalyzer_P3                       
00000129  LogicAnalyzer_P4                       
00000137  LogicAnalyzer_P4_765432                
00000147  LogicAnalyzer_P4_765320                
0000017f  LogicAnalyzer_P5                       
0000018d  LogicAnalyzer_P6                       
0000019b  LogicAnalyzer_P7                       
000001a9  LogicAnalyzer_P8                       
000001b7  LogicAnalyzer_P9                       
000001c5  LogicAnalyzer_P10                      
000001d3  LogicAnalyzer_P27_P26_P82_P92_P104_P105
00000200  __STACK_SIZE                           
0000020b  LogicAnalyzer_P55_P54_P27_P26_P37_P36  
00000235  Scope                                  
000002b9  PeriodicTask2_Init                     
00000323  T32_INT1_IRQHandler                    
00000323  T32_INT1_IRQHandler                    
00000333  PeriodicTask2_Stop                     
00000343  UART_Init                              
0000039d  UART_InChar                            
000003ad  UART_OutChar                           
000003c9  TExaS_Task0                            
000003d5  TExaS_Task1                            
000003e1  TExaS_Task2                            
000003ed  TExaS_Task3                            
000003f9  TExaS_Task4                            
000003fb  TExaS_Task5                            
00000407  TExaS_Task6                            
00000413  TExaS_Set                              
0000042b  TExaS_Set0                             
00000437  TExaS_Set1                             
00000443  TExaS_Set2                             
0000044f  TExaS_Set3                             
0000045b  TExaS_Set4                             
0000045d  TExaS_Set5                             
00000475  TExaS_Set6                             
00000485  TExaS_Clear0                           
00000491  TExaS_Clear1                           
000004a5  TExaS_Clear2                           
000004b1  TExaS_Clear3                           
000004bd  TExaS_Clear4                           
000004bf  TExaS_Clear5                           
000004cb  TExaS_Clear6                           
000004f1  ADC_Init                               
000005b5  TExaS_Init                             
00000741  TExaS_Stop                             
000007ad  SystemCoreClockUpdate                  
00000a21  SystemInit                             
00000ad9  Motor_Init                             
00000bd3  Motor_Stop                             
00000bfd  Motor_Forward                          
00000c45  Motor_Right                            
00000c8d  Motor_Left                             
00000cd5  Motor_Backward                         
00000d65  BumpInt_Init                           
00000f6b  Bump_Read                              
00000f77  PORT4_IRQHandler                       
00000f77  PORT4_IRQHandler                       
00000fad  Reflectance_Init                       
00001019  Reflectance_Read                       
00001071  Reflectance_Center                     
00001121  Reflectance_Position                   
0000118b  Reflectance_Start                      
0000118d  Reflectance_End                        
000011c9  Clock_Init48MHz                        
000012df  Clock_GetFreq                          
000012e5  delay                                  
000012f3  Clock_Delay1us                         
0000131d  Clock_Delay1ms                         
000013a9  LaunchPad_Init                         
00001419  LaunchPad_Input                        
00001437  LaunchPad_LED                          
00001455  LaunchPad_Output                       
000014a1  HandleCollision                        
000014bb  Task                                   
00001527  main                                   
00001581  __aeabi_memcpy                         
00001581  __aeabi_memcpy4                        
00001581  __aeabi_memcpy8                        
00001581  memcpy                                 
0000161d  TimerA1_Init                           
00001671  TimerA1_Stop                           
00001673  TA1_0_IRQHandler                       
00001673  TA1_0_IRQHandler                       
000016a5  __TI_decompress_lzss                   
0000170d  __TI_auto_init_nobinit_nopinit         
00001751  _c_int00_noargs                        
00001785  DisableInterrupts                      
0000178b  EnableInterrupts                       
00001791  StartCritical                          
0000179b  EndCritical                            
000017a3  WaitForInterrupt                       
000017a9  __TI_zero_init_nomemset                
000017c5  __TI_decompress_none                   
000017d3  Reset_Handler                          
000017df  ADC14_IRQHandler                       
000017df  AES256_IRQHandler                      
000017df  BusFault_Handler                       
000017df  COMP_E0_IRQHandler                     
000017df  COMP_E1_IRQHandler                     
000017df  CS_IRQHandler                          
000017df  DMA_ERR_IRQHandler                     
000017df  DMA_INT0_IRQHandler                    
000017df  DMA_INT1_IRQHandler                    
000017df  DMA_INT2_IRQHandler                    
000017df  DMA_INT3_IRQHandler                    
000017df  DebugMon_Handler                       
000017df  Default_Handler                        
000017df  EUSCIA0_IRQHandler                     
000017df  EUSCIA1_IRQHandler                     
000017df  EUSCIA2_IRQHandler                     
000017df  EUSCIA3_IRQHandler                     
000017df  EUSCIB0_IRQHandler                     
000017df  EUSCIB1_IRQHandler                     
000017df  EUSCIB2_IRQHandler                     
000017df  EUSCIB3_IRQHandler                     
000017df  FLCTL_IRQHandler                       
000017df  FPU_IRQHandler                         
000017df  HardFault_Handler                      
000017df  MemManage_Handler                      
000017df  NMI_Handler                            
000017df  PCM_IRQHandler                         
000017df  PORT1_IRQHandler                       
000017df  PORT2_IRQHandler                       
000017df  PORT3_IRQHandler                       
000017df  PORT5_IRQHandler                       
000017df  PORT6_IRQHandler                       
000017df  PSS_IRQHandler                         
000017df  PendSV_Handler                         
000017df  RTC_C_IRQHandler                       
000017df  SVC_Handler                            
000017df  SysTick_Handler                        
000017df  T32_INT2_IRQHandler                    
000017df  T32_INTC_IRQHandler                    
000017df  TA0_0_IRQHandler                       
000017df  TA0_N_IRQHandler                       
000017df  TA1_N_IRQHandler                       
000017df  TA2_0_IRQHandler                       
000017df  TA2_N_IRQHandler                       
000017df  TA3_0_IRQHandler                       
000017df  TA3_N_IRQHandler                       
000017df  UsageFault_Handler                     
000017df  WDT_A_IRQHandler                       
000017e1  _system_pre_init                       
000017e5  C$$EXIT                                
000017e5  abort                                  
000017e8  fsm                                    
000018a8  __TI_Handler_Table_Base                
000018b4  __TI_Handler_Table_Limit               
000018c0  __TI_CINIT_Base                        
000018d0  __TI_CINIT_Limit                       
20000000  ClockFrequency                         
20000000  __start___llvm_prf_cnts                
20000000  __stop___llvm_prf_cnts                 
20000004  Prewait                                
20000008  CPMwait                                
2000000c  Postwait                               
20000010  IFlags                                 
20000014  Crystalstable                          
20000018  TExaS_ScopeErrLostData                 
2000001c  TExaS_ScopeErrConflict                 
20000020  TExaS_ScopeWrnReconfig                 
20000024  SystemCoreClock                        
20000028  BumpTask                               
2000002c  Input                                  
20000030  Output                                 
20000034  PeriodicTask2                          
20000038  Spt                                    
2000003c  TimerA1Task                            
20000040  CollisionData                          
20000041  CollisionFlag                          
20000042  LogicData                              
2000fe00  __stack                                
20010000  __STACK_END                            
4000480c  WDTCTL_SYM                             
ffffffff  __TI_pprof_out_hndl                    
ffffffff  __TI_prof_data_size                    
ffffffff  __TI_prof_data_start                   
ffffffff  __binit__                              
ffffffff  __c_args__                             
ffffffff  binit                                  
UNDEFED   __mpu_init                             
UNDEFED   _system_post_cinit                     

[189 symbols]
