<?xml version="1.0" encoding="ISO-8859-1" ?>
<link_info>
   <banner>TI ARM Linker PC v20.2.6.LTS</banner>
   <copyright>Copyright (c) 1996-2018 Texas Instruments Incorporated</copyright>
   <link_time>0x637b3233</link_time>
   <link_errors>0x0</link_errors>
   <output_file>Lab14_EdgeInterrupts.out</output_file>
   <entry_point>
      <name>_c_int00_noargs</name>
      <address>0x13c9</address>
   </entry_point>
   <input_file_list>
      <input_file id="fl-2">
         <path>.\</path>
         <kind>object</kind>
         <file>BumpInt.obj</file>
         <name>BumpInt.obj</name>
      </input_file>
      <input_file id="fl-3">
         <path>.\</path>
         <kind>object</kind>
         <file>Clock.obj</file>
         <name>Clock.obj</name>
      </input_file>
      <input_file id="fl-4">
         <path>.\</path>
         <kind>object</kind>
         <file>CortexM.obj</file>
         <name>CortexM.obj</name>
      </input_file>
      <input_file id="fl-5">
         <path>.\</path>
         <kind>object</kind>
         <file>FlashProgram.obj</file>
         <name>FlashProgram.obj</name>
      </input_file>
      <input_file id="fl-6">
         <path>.\</path>
         <kind>object</kind>
         <file>Lab14_EdgeInterruptsmain.obj</file>
         <name>Lab14_EdgeInterruptsmain.obj</name>
      </input_file>
      <input_file id="fl-7">
         <path>.\</path>
         <kind>object</kind>
         <file>LaunchPad.obj</file>
         <name>LaunchPad.obj</name>
      </input_file>
      <input_file id="fl-8">
         <path>.\</path>
         <kind>object</kind>
         <file>Motor.obj</file>
         <name>Motor.obj</name>
      </input_file>
      <input_file id="fl-9">
         <path>.\</path>
         <kind>object</kind>
         <file>PWM.obj</file>
         <name>PWM.obj</name>
      </input_file>
      <input_file id="fl-a">
         <path>.\</path>
         <kind>object</kind>
         <file>Reflectance.obj</file>
         <name>Reflectance.obj</name>
      </input_file>
      <input_file id="fl-b">
         <path>.\</path>
         <kind>object</kind>
         <file>SysTickInts.obj</file>
         <name>SysTickInts.obj</name>
      </input_file>
      <input_file id="fl-c">
         <path>.\</path>
         <kind>object</kind>
         <file>TExaS.obj</file>
         <name>TExaS.obj</name>
      </input_file>
      <input_file id="fl-d">
         <path>.\</path>
         <kind>object</kind>
         <file>TimerA1.obj</file>
         <name>TimerA1.obj</name>
      </input_file>
      <input_file id="fl-e">
         <path>.\</path>
         <kind>object</kind>
         <file>startup_msp432p401r_ccs.obj</file>
         <name>startup_msp432p401r_ccs.obj</name>
      </input_file>
      <input_file id="fl-f">
         <path>.\</path>
         <kind>object</kind>
         <file>system_msp432p401r.obj</file>
         <name>system_msp432p401r.obj</name>
      </input_file>
      <input_file id="fl-13">
         <kind>object</kind>
         <file>&lt;internal&gt;</file>
         <name>&lt;internal&gt;</name>
      </input_file>
      <input_file id="fl-c9">
         <path>C:\ti\ccs1200\ccs\tools\compiler\ti-cgt-arm_20.2.6.LTS\lib\</path>
         <kind>archive</kind>
         <file>rtsv7M4_T_le_v4SPD16_eabi.lib</file>
         <name>copy_zero_init.c.obj</name>
      </input_file>
      <input_file id="fl-ca">
         <path>C:\ti\ccs1200\ccs\tools\compiler\ti-cgt-arm_20.2.6.LTS\lib\</path>
         <kind>archive</kind>
         <file>rtsv7M4_T_le_v4SPD16_eabi.lib</file>
         <name>copy_decompress_none.c.obj</name>
      </input_file>
      <input_file id="fl-cb">
         <path>C:\ti\ccs1200\ccs\tools\compiler\ti-cgt-arm_20.2.6.LTS\lib\</path>
         <kind>archive</kind>
         <file>rtsv7M4_T_le_v4SPD16_eabi.lib</file>
         <name>copy_decompress_lzss.c.obj</name>
      </input_file>
      <input_file id="fl-cc">
         <path>C:\ti\ccs1200\ccs\tools\compiler\ti-cgt-arm_20.2.6.LTS\lib\</path>
         <kind>archive</kind>
         <file>rtsv7M4_T_le_v4SPD16_eabi.lib</file>
         <name>boot_cortex_m.c.obj</name>
      </input_file>
      <input_file id="fl-cd">
         <path>C:\ti\ccs1200\ccs\tools\compiler\ti-cgt-arm_20.2.6.LTS\lib\</path>
         <kind>archive</kind>
         <file>rtsv7M4_T_le_v4SPD16_eabi.lib</file>
         <name>memcpy_t2.asm.obj</name>
      </input_file>
      <input_file id="fl-ce">
         <path>C:\ti\ccs1200\ccs\tools\compiler\ti-cgt-arm_20.2.6.LTS\lib\</path>
         <kind>archive</kind>
         <file>rtsv7M4_T_le_v4SPD16_eabi.lib</file>
         <name>memset_t2.asm.obj</name>
      </input_file>
      <input_file id="fl-cf">
         <path>C:\ti\ccs1200\ccs\tools\compiler\ti-cgt-arm_20.2.6.LTS\lib\</path>
         <kind>archive</kind>
         <file>rtsv7M4_T_le_v4SPD16_eabi.lib</file>
         <name>autoinit.c.obj</name>
      </input_file>
      <input_file id="fl-d0">
         <path>C:\ti\ccs1200\ccs\tools\compiler\ti-cgt-arm_20.2.6.LTS\lib\</path>
         <kind>archive</kind>
         <file>rtsv7M4_T_le_v4SPD16_eabi.lib</file>
         <name>pre_init.c.obj</name>
      </input_file>
      <input_file id="fl-d1">
         <path>C:\ti\ccs1200\ccs\tools\compiler\ti-cgt-arm_20.2.6.LTS\lib\</path>
         <kind>archive</kind>
         <file>rtsv7M4_T_le_v4SPD16_eabi.lib</file>
         <name>cpy_tbl.c.obj</name>
      </input_file>
      <input_file id="fl-d2">
         <path>C:\ti\ccs1200\ccs\tools\compiler\ti-cgt-arm_20.2.6.LTS\lib\</path>
         <kind>archive</kind>
         <file>rtsv7M4_T_le_v4SPD16_eabi.lib</file>
         <name>exit.c.obj</name>
      </input_file>
      <input_file id="fl-d3">
         <path>C:\ti\ccs1200\ccs\tools\compiler\ti-cgt-arm_20.2.6.LTS\lib\</path>
         <kind>archive</kind>
         <file>rtsv7M4_T_le_v4SPD16_eabi.lib</file>
         <name>_lock.c.obj</name>
      </input_file>
      <input_file id="fl-d4">
         <path>C:\ti\ccs1200\ccs\tools\compiler\ti-cgt-arm_20.2.6.LTS\lib\</path>
         <kind>archive</kind>
         <file>rtsv7M4_T_le_v4SPD16_eabi.lib</file>
         <name>args_main.c.obj</name>
      </input_file>
   </input_file_list>
   <object_component_list>
      <object_component id="oc-26">
         <name>.intvecs:retain</name>
         <load_address>0x0</load_address>
         <run_address>0x0</run_address>
         <size>0xe4</size>
         <input_file_ref idref="fl-e"/>
      </object_component>
      <object_component id="oc-73">
         <name>.text</name>
         <load_address>0xe4</load_address>
         <run_address>0xe4</run_address>
         <size>0x6c8</size>
         <input_file_ref idref="fl-c"/>
      </object_component>
      <object_component id="oc-b7">
         <name>.text</name>
         <load_address>0x7ac</load_address>
         <run_address>0x7ac</run_address>
         <size>0x32c</size>
         <input_file_ref idref="fl-f"/>
      </object_component>
      <object_component id="oc-f5">
         <name>.text</name>
         <load_address>0xad8</load_address>
         <run_address>0xad8</run_address>
         <size>0x28c</size>
         <input_file_ref idref="fl-8"/>
      </object_component>
      <object_component id="oc-79">
         <name>.text</name>
         <load_address>0xd64</load_address>
         <run_address>0xd64</run_address>
         <size>0x248</size>
         <input_file_ref idref="fl-2"/>
      </object_component>
      <object_component id="oc-fb">
         <name>.text</name>
         <load_address>0xfac</load_address>
         <run_address>0xfac</run_address>
         <size>0x1e0</size>
         <input_file_ref idref="fl-3"/>
      </object_component>
      <object_component id="oc-37">
         <name>.text</name>
         <load_address>0x118c</load_address>
         <run_address>0x118c</run_address>
         <size>0x9c</size>
         <input_file_ref idref="fl-cd"/>
      </object_component>
      <object_component id="oc-6d">
         <name>.text</name>
         <load_address>0x1228</load_address>
         <run_address>0x1228</run_address>
         <size>0x88</size>
         <input_file_ref idref="fl-d"/>
      </object_component>
      <object_component id="oc-a5">
         <name>.text</name>
         <load_address>0x12b0</load_address>
         <run_address>0x12b0</run_address>
         <size>0x6c</size>
         <input_file_ref idref="fl-6"/>
      </object_component>
      <object_component id="oc-17">
         <name>.text:decompress:lzss:__TI_decompress_lzss</name>
         <load_address>0x131c</load_address>
         <run_address>0x131c</run_address>
         <size>0x68</size>
         <input_file_ref idref="fl-cb"/>
      </object_component>
      <object_component id="oc-112">
         <name>.text:__TI_auto_init_nobinit_nopinit:__TI_auto_init_nobinit_nopinit</name>
         <load_address>0x1384</load_address>
         <run_address>0x1384</run_address>
         <size>0x44</size>
         <input_file_ref idref="fl-cf"/>
      </object_component>
      <object_component id="oc-55">
         <name>.text:_c_int00_noargs:_c_int00_noargs</name>
         <load_address>0x13c8</load_address>
         <run_address>0x13c8</run_address>
         <size>0x34</size>
         <input_file_ref idref="fl-cc"/>
      </object_component>
      <object_component id="oc-d4">
         <name>.text</name>
         <load_address>0x13fc</load_address>
         <run_address>0x13fc</run_address>
         <size>0x24</size>
         <input_file_ref idref="fl-4"/>
      </object_component>
      <object_component id="oc-43">
         <name>.text:decompress:ZI:__TI_zero_init_nomemset:__TI_zero_init_nomemset</name>
         <load_address>0x1420</load_address>
         <run_address>0x1420</run_address>
         <size>0x1c</size>
         <input_file_ref idref="fl-c9"/>
      </object_component>
      <object_component id="oc-1d">
         <name>.text:decompress:none:__TI_decompress_none</name>
         <load_address>0x143c</load_address>
         <run_address>0x143c</run_address>
         <size>0xe</size>
         <input_file_ref idref="fl-ca"/>
      </object_component>
      <object_component id="oc-67">
         <name>.text</name>
         <load_address>0x144a</load_address>
         <run_address>0x144a</run_address>
         <size>0xe</size>
         <input_file_ref idref="fl-e"/>
      </object_component>
      <object_component id="oc-9f">
         <name>.text:_system_pre_init</name>
         <load_address>0x1458</load_address>
         <run_address>0x1458</run_address>
         <size>0x4</size>
         <input_file_ref idref="fl-d0"/>
      </object_component>
      <object_component id="oc-106">
         <name>.text:abort:abort</name>
         <load_address>0x145c</load_address>
         <run_address>0x145c</run_address>
         <size>0x4</size>
         <input_file_ref idref="fl-d2"/>
      </object_component>
      <object_component id="oc-1ec">
         <name>.cinit..data.load</name>
         <load_address>0x1460</load_address>
         <run_address>0x1460</run_address>
         <size>0xd</size>
      </object_component>
      <object_component id="oc-1ea">
         <name>__TI_handler_table</name>
         <load_address>0x1470</load_address>
         <run_address>0x1470</run_address>
         <size>0xc</size>
      </object_component>
      <object_component id="oc-1ed">
         <name>.cinit..bss.load</name>
         <load_address>0x1480</load_address>
         <run_address>0x1480</run_address>
         <size>0x8</size>
      </object_component>
      <object_component id="oc-1eb">
         <name>__TI_cinit_table</name>
         <load_address>0x1488</load_address>
         <run_address>0x1488</run_address>
         <size>0x10</size>
      </object_component>
      <object_component id="oc-1be">
         <name>.binit</name>
         <load_address>0x0</load_address>
         <run_address>0x0</run_address>
         <size>0x0</size>
      </object_component>
      <object_component id="oc-161">
         <name>.data</name>
         <load_address>0x20000000</load_address>
         <run_address>0x20000000</run_address>
         <size>0x18</size>
         <input_file_ref idref="fl-3"/>
      </object_component>
      <object_component id="oc-ca">
         <name>.data</name>
         <load_address>0x20000018</load_address>
         <run_address>0x20000018</run_address>
         <size>0xc</size>
         <input_file_ref idref="fl-c"/>
      </object_component>
      <object_component id="oc-144">
         <name>.data</name>
         <load_address>0x20000024</load_address>
         <run_address>0x20000024</run_address>
         <size>0x4</size>
         <input_file_ref idref="fl-f"/>
      </object_component>
      <object_component id="oc-da">
         <name>.common:BumpTask</name>
         <uninitialized>true</uninitialized>
         <run_address>0x20000028</run_address>
         <size>0x4</size>
      </object_component>
      <object_component id="oc-101">
         <name>.common:CollisionData</name>
         <uninitialized>true</uninitialized>
         <run_address>0x20000034</run_address>
         <size>0x1</size>
      </object_component>
      <object_component id="oc-104">
         <name>.common:CollisionFlag</name>
         <uninitialized>true</uninitialized>
         <run_address>0x20000035</run_address>
         <size>0x1</size>
      </object_component>
      <object_component id="oc-c7">
         <name>.common:LogicData</name>
         <uninitialized>true</uninitialized>
         <run_address>0x20000036</run_address>
         <size>0x1</size>
      </object_component>
      <object_component id="oc-cd">
         <name>.common:PeriodicTask2</name>
         <uninitialized>true</uninitialized>
         <run_address>0x2000002c</run_address>
         <size>0x4</size>
      </object_component>
      <object_component id="oc-be">
         <name>.common:TimerA1Task</name>
         <uninitialized>true</uninitialized>
         <run_address>0x20000030</run_address>
         <size>0x4</size>
      </object_component>
      <object_component id="oc-29">
         <name>.stack</name>
         <uninitialized>true</uninitialized>
         <run_address>0x2000fe00</run_address>
         <size>0x4</size>
         <input_file_ref idref="fl-cc"/>
      </object_component>
      <object_component id="oc-1ef">
         <name>.stack</name>
         <uninitialized>true</uninitialized>
         <run_address>0x2000fe00</run_address>
         <size>0x0</size>
      </object_component>
      <object_component id="oc-db">
         <name>.debug_info</name>
         <load_address>0x0</load_address>
         <run_address>0x0</run_address>
         <size>0x604</size>
         <input_file_ref idref="fl-2"/>
      </object_component>
      <object_component id="oc-7a">
         <name>.debug_info</name>
         <load_address>0x604</load_address>
         <run_address>0x604</run_address>
         <size>0x41b</size>
         <input_file_ref idref="fl-2"/>
      </object_component>
      <object_component id="oc-14a">
         <name>.debug_info</name>
         <load_address>0xa1f</load_address>
         <run_address>0xa1f</run_address>
         <size>0x37e2</size>
         <input_file_ref idref="fl-2"/>
      </object_component>
      <object_component id="oc-14f">
         <name>.debug_info</name>
         <load_address>0x4201</load_address>
         <run_address>0x4201</run_address>
         <size>0x1055</size>
         <input_file_ref idref="fl-2"/>
      </object_component>
      <object_component id="oc-e0">
         <name>.debug_info</name>
         <load_address>0x5256</load_address>
         <run_address>0x5256</run_address>
         <size>0x26b</size>
         <input_file_ref idref="fl-2"/>
      </object_component>
      <object_component id="oc-32">
         <name>.debug_info</name>
         <load_address>0x54c1</load_address>
         <run_address>0x54c1</run_address>
         <size>0x84</size>
         <input_file_ref idref="fl-2"/>
      </object_component>
      <object_component id="oc-154">
         <name>.debug_info</name>
         <load_address>0x5545</load_address>
         <run_address>0x5545</run_address>
         <size>0x2a4</size>
         <input_file_ref idref="fl-2"/>
      </object_component>
      <object_component id="oc-c2">
         <name>.debug_info</name>
         <load_address>0x57e9</load_address>
         <run_address>0x57e9</run_address>
         <size>0xbb</size>
         <input_file_ref idref="fl-2"/>
      </object_component>
      <object_component id="oc-162">
         <name>.debug_info</name>
         <load_address>0x58a4</load_address>
         <run_address>0x58a4</run_address>
         <size>0x1f7</size>
         <input_file_ref idref="fl-3"/>
      </object_component>
      <object_component id="oc-fc">
         <name>.debug_info</name>
         <load_address>0x5a9b</load_address>
         <run_address>0x5a9b</run_address>
         <size>0x5cd</size>
         <input_file_ref idref="fl-3"/>
      </object_component>
      <object_component id="oc-d6">
         <name>.debug_info</name>
         <load_address>0x6068</load_address>
         <run_address>0x6068</run_address>
         <size>0x58e</size>
         <input_file_ref idref="fl-4"/>
      </object_component>
      <object_component id="oc-102">
         <name>.debug_info</name>
         <load_address>0x65f6</load_address>
         <run_address>0x65f6</run_address>
         <size>0x72a</size>
         <input_file_ref idref="fl-6"/>
      </object_component>
      <object_component id="oc-a8">
         <name>.debug_info</name>
         <load_address>0x6d20</load_address>
         <run_address>0x6d20</run_address>
         <size>0x36b</size>
         <input_file_ref idref="fl-6"/>
      </object_component>
      <object_component id="oc-cf">
         <name>.debug_info</name>
         <load_address>0x708b</load_address>
         <run_address>0x708b</run_address>
         <size>0xc6</size>
         <input_file_ref idref="fl-6"/>
      </object_component>
      <object_component id="oc-f8">
         <name>.debug_info</name>
         <load_address>0x7151</load_address>
         <run_address>0x7151</run_address>
         <size>0x7d5</size>
         <input_file_ref idref="fl-8"/>
      </object_component>
      <object_component id="oc-c8">
         <name>.debug_info</name>
         <load_address>0x7926</load_address>
         <run_address>0x7926</run_address>
         <size>0x5f6</size>
         <input_file_ref idref="fl-c"/>
      </object_component>
      <object_component id="oc-cb">
         <name>.debug_info</name>
         <load_address>0x7f1c</load_address>
         <run_address>0x7f1c</run_address>
         <size>0x1da</size>
         <input_file_ref idref="fl-c"/>
      </object_component>
      <object_component id="oc-74">
         <name>.debug_info</name>
         <load_address>0x80f6</load_address>
         <run_address>0x80f6</run_address>
         <size>0x2d75</size>
         <input_file_ref idref="fl-c"/>
      </object_component>
      <object_component id="oc-bf">
         <name>.debug_info</name>
         <load_address>0xae6b</load_address>
         <run_address>0xae6b</run_address>
         <size>0x5cc</size>
         <input_file_ref idref="fl-d"/>
      </object_component>
      <object_component id="oc-70">
         <name>.debug_info</name>
         <load_address>0xb437</load_address>
         <run_address>0xb437</run_address>
         <size>0x41b</size>
         <input_file_ref idref="fl-d"/>
      </object_component>
      <object_component id="oc-81">
         <name>.debug_info</name>
         <load_address>0xb852</load_address>
         <run_address>0xb852</run_address>
         <size>0x2f5</size>
         <input_file_ref idref="fl-e"/>
      </object_component>
      <object_component id="oc-27">
         <name>.debug_info</name>
         <load_address>0xbb47</load_address>
         <run_address>0xbb47</run_address>
         <size>0x121</size>
         <input_file_ref idref="fl-e"/>
      </object_component>
      <object_component id="oc-69">
         <name>.debug_info</name>
         <load_address>0xbc68</load_address>
         <run_address>0xbc68</run_address>
         <size>0x1e8</size>
         <input_file_ref idref="fl-e"/>
      </object_component>
      <object_component id="oc-145">
         <name>.debug_info</name>
         <load_address>0xbe50</load_address>
         <run_address>0xbe50</run_address>
         <size>0x11a</size>
         <input_file_ref idref="fl-f"/>
      </object_component>
      <object_component id="oc-b8">
         <name>.debug_info</name>
         <load_address>0xbf6a</load_address>
         <run_address>0xbf6a</run_address>
         <size>0x28c</size>
         <input_file_ref idref="fl-f"/>
      </object_component>
      <object_component id="oc-98">
         <name>.debug_info</name>
         <load_address>0xc1f6</load_address>
         <run_address>0xc1f6</run_address>
         <size>0x2d4</size>
         <input_file_ref idref="fl-c9"/>
      </object_component>
      <object_component id="oc-46">
         <name>.debug_info</name>
         <load_address>0xc4ca</load_address>
         <run_address>0xc4ca</run_address>
         <size>0x1d2</size>
         <input_file_ref idref="fl-c9"/>
      </object_component>
      <object_component id="oc-93">
         <name>.debug_info</name>
         <load_address>0xc69c</load_address>
         <run_address>0xc69c</run_address>
         <size>0x46</size>
         <input_file_ref idref="fl-c9"/>
      </object_component>
      <object_component id="oc-ec">
         <name>.debug_info</name>
         <load_address>0xc6e2</load_address>
         <run_address>0xc6e2</run_address>
         <size>0x2c</size>
         <input_file_ref idref="fl-c9"/>
      </object_component>
      <object_component id="oc-42">
         <name>.debug_info</name>
         <load_address>0xc70e</load_address>
         <run_address>0xc70e</run_address>
         <size>0x2a8</size>
         <input_file_ref idref="fl-ca"/>
      </object_component>
      <object_component id="oc-1f">
         <name>.debug_info</name>
         <load_address>0xc9b6</load_address>
         <run_address>0xc9b6</run_address>
         <size>0x1ea</size>
         <input_file_ref idref="fl-ca"/>
      </object_component>
      <object_component id="oc-3d">
         <name>.debug_info</name>
         <load_address>0xcba0</load_address>
         <run_address>0xcba0</run_address>
         <size>0x46</size>
         <input_file_ref idref="fl-ca"/>
      </object_component>
      <object_component id="oc-8b">
         <name>.debug_info</name>
         <load_address>0xcbe6</load_address>
         <run_address>0xcbe6</run_address>
         <size>0x2c</size>
         <input_file_ref idref="fl-ca"/>
      </object_component>
      <object_component id="oc-89">
         <name>.debug_info</name>
         <load_address>0xcc12</load_address>
         <run_address>0xcc12</run_address>
         <size>0x29e</size>
         <input_file_ref idref="fl-cb"/>
      </object_component>
      <object_component id="oc-19">
         <name>.debug_info</name>
         <load_address>0xceb0</load_address>
         <run_address>0xceb0</run_address>
         <size>0x250</size>
         <input_file_ref idref="fl-cb"/>
      </object_component>
      <object_component id="oc-2d">
         <name>.debug_info</name>
         <load_address>0xd100</load_address>
         <run_address>0xd100</run_address>
         <size>0x60</size>
         <input_file_ref idref="fl-cb"/>
      </object_component>
      <object_component id="oc-e5">
         <name>.debug_info</name>
         <load_address>0xd160</load_address>
         <run_address>0xd160</run_address>
         <size>0x46</size>
         <input_file_ref idref="fl-cb"/>
      </object_component>
      <object_component id="oc-84">
         <name>.debug_info</name>
         <load_address>0xd1a6</load_address>
         <run_address>0xd1a6</run_address>
         <size>0x39</size>
         <input_file_ref idref="fl-cb"/>
      </object_component>
      <object_component id="oc-2a">
         <name>.debug_info</name>
         <load_address>0xd1df</load_address>
         <run_address>0xd1df</run_address>
         <size>0x10b</size>
         <input_file_ref idref="fl-cc"/>
      </object_component>
      <object_component id="oc-56">
         <name>.debug_info</name>
         <load_address>0xd2ea</load_address>
         <run_address>0xd2ea</run_address>
         <size>0x1a9</size>
         <input_file_ref idref="fl-cc"/>
      </object_component>
      <object_component id="oc-38">
         <name>.debug_info</name>
         <load_address>0xd493</load_address>
         <run_address>0xd493</run_address>
         <size>0x119</size>
         <input_file_ref idref="fl-cd"/>
      </object_component>
      <object_component id="oc-172">
         <name>.debug_info</name>
         <load_address>0xd5ac</load_address>
         <run_address>0xd5ac</run_address>
         <size>0x4b3</size>
         <input_file_ref idref="fl-cf"/>
      </object_component>
      <object_component id="oc-115">
         <name>.debug_info</name>
         <load_address>0xda5f</load_address>
         <run_address>0xda5f</run_address>
         <size>0x1a6</size>
         <input_file_ref idref="fl-cf"/>
      </object_component>
      <object_component id="oc-19b">
         <name>.debug_info</name>
         <load_address>0xdc05</load_address>
         <run_address>0xdc05</run_address>
         <size>0x39</size>
         <input_file_ref idref="fl-cf"/>
      </object_component>
      <object_component id="oc-1af">
         <name>.debug_info</name>
         <load_address>0xdc3e</load_address>
         <run_address>0xdc3e</run_address>
         <size>0x39</size>
         <input_file_ref idref="fl-cf"/>
      </object_component>
      <object_component id="oc-1a0">
         <name>.debug_info</name>
         <load_address>0xdc77</load_address>
         <run_address>0xdc77</run_address>
         <size>0x39</size>
         <input_file_ref idref="fl-cf"/>
      </object_component>
      <object_component id="oc-1a5">
         <name>.debug_info</name>
         <load_address>0xdcb0</load_address>
         <run_address>0xdcb0</run_address>
         <size>0xcd</size>
         <input_file_ref idref="fl-cf"/>
      </object_component>
      <object_component id="oc-a0">
         <name>.debug_info</name>
         <load_address>0xdd7d</load_address>
         <run_address>0xdd7d</run_address>
         <size>0x153</size>
         <input_file_ref idref="fl-d0"/>
      </object_component>
      <object_component id="oc-109">
         <name>.debug_info</name>
         <load_address>0xded0</load_address>
         <run_address>0xded0</run_address>
         <size>0x122</size>
         <input_file_ref idref="fl-d2"/>
      </object_component>
      <object_component id="oc-1f0">
         <name>.debug_info</name>
         <load_address>0xdff2</load_address>
         <run_address>0xdff2</run_address>
         <size>0xcd</size>
      </object_component>
      <object_component id="oc-15f">
         <name>.debug_line</name>
         <load_address>0x0</load_address>
         <run_address>0x0</run_address>
         <size>0x75</size>
         <input_file_ref idref="fl-2"/>
      </object_component>
      <object_component id="oc-7d">
         <name>.debug_line</name>
         <load_address>0x75</load_address>
         <run_address>0x75</run_address>
         <size>0xf7</size>
         <input_file_ref idref="fl-2"/>
      </object_component>
      <object_component id="oc-14d">
         <name>.debug_line</name>
         <load_address>0x16c</load_address>
         <run_address>0x16c</run_address>
         <size>0x58</size>
         <input_file_ref idref="fl-2"/>
      </object_component>
      <object_component id="oc-152">
         <name>.debug_line</name>
         <load_address>0x1c4</load_address>
         <run_address>0x1c4</run_address>
         <size>0x5b</size>
         <input_file_ref idref="fl-2"/>
      </object_component>
      <object_component id="oc-e3">
         <name>.debug_line</name>
         <load_address>0x21f</load_address>
         <run_address>0x21f</run_address>
         <size>0x6f</size>
         <input_file_ref idref="fl-2"/>
      </object_component>
      <object_component id="oc-35">
         <name>.debug_line</name>
         <load_address>0x28e</load_address>
         <run_address>0x28e</run_address>
         <size>0x20</size>
         <input_file_ref idref="fl-2"/>
      </object_component>
      <object_component id="oc-157">
         <name>.debug_line</name>
         <load_address>0x2ae</load_address>
         <run_address>0x2ae</run_address>
         <size>0x73</size>
         <input_file_ref idref="fl-2"/>
      </object_component>
      <object_component id="oc-c5">
         <name>.debug_line</name>
         <load_address>0x321</load_address>
         <run_address>0x321</run_address>
         <size>0x70</size>
         <input_file_ref idref="fl-2"/>
      </object_component>
      <object_component id="oc-18a">
         <name>.debug_line</name>
         <load_address>0x391</load_address>
         <run_address>0x391</run_address>
         <size>0x73</size>
         <input_file_ref idref="fl-3"/>
      </object_component>
      <object_component id="oc-100">
         <name>.debug_line</name>
         <load_address>0x404</load_address>
         <run_address>0x404</run_address>
         <size>0x140</size>
         <input_file_ref idref="fl-3"/>
      </object_component>
      <object_component id="oc-d8">
         <name>.debug_line</name>
         <load_address>0x544</load_address>
         <run_address>0x544</run_address>
         <size>0xf4</size>
         <input_file_ref idref="fl-4"/>
      </object_component>
      <object_component id="oc-166">
         <name>.debug_line</name>
         <load_address>0x638</load_address>
         <run_address>0x638</run_address>
         <size>0xae</size>
         <input_file_ref idref="fl-6"/>
      </object_component>
      <object_component id="oc-a6">
         <name>.debug_line</name>
         <load_address>0x6e6</load_address>
         <run_address>0x6e6</run_address>
         <size>0xa4</size>
         <input_file_ref idref="fl-6"/>
      </object_component>
      <object_component id="oc-d2">
         <name>.debug_line</name>
         <load_address>0x78a</load_address>
         <run_address>0x78a</run_address>
         <size>0x35</size>
         <input_file_ref idref="fl-6"/>
      </object_component>
      <object_component id="oc-fa">
         <name>.debug_line</name>
         <load_address>0x7bf</load_address>
         <run_address>0x7bf</run_address>
         <size>0x147</size>
         <input_file_ref idref="fl-8"/>
      </object_component>
      <object_component id="oc-15a">
         <name>.debug_line</name>
         <load_address>0x906</load_address>
         <run_address>0x906</run_address>
         <size>0x73</size>
         <input_file_ref idref="fl-c"/>
      </object_component>
      <object_component id="oc-15c">
         <name>.debug_line</name>
         <load_address>0x979</load_address>
         <run_address>0x979</run_address>
         <size>0x73</size>
         <input_file_ref idref="fl-c"/>
      </object_component>
      <object_component id="oc-77">
         <name>.debug_line</name>
         <load_address>0x9ec</load_address>
         <run_address>0x9ec</run_address>
         <size>0x62b</size>
         <input_file_ref idref="fl-c"/>
      </object_component>
      <object_component id="oc-149">
         <name>.debug_line</name>
         <load_address>0x1017</load_address>
         <run_address>0x1017</run_address>
         <size>0x75</size>
         <input_file_ref idref="fl-d"/>
      </object_component>
      <object_component id="oc-72">
         <name>.debug_line</name>
         <load_address>0x108c</load_address>
         <run_address>0x108c</run_address>
         <size>0xc7</size>
         <input_file_ref idref="fl-d"/>
      </object_component>
      <object_component id="oc-df">
         <name>.debug_line</name>
         <load_address>0x1153</load_address>
         <run_address>0x1153</run_address>
         <size>0x40</size>
         <input_file_ref idref="fl-e"/>
      </object_component>
      <object_component id="oc-80">
         <name>.debug_line</name>
         <load_address>0x1193</load_address>
         <run_address>0x1193</run_address>
         <size>0x40</size>
         <input_file_ref idref="fl-e"/>
      </object_component>
      <object_component id="oc-68">
         <name>.debug_line</name>
         <load_address>0x11d3</load_address>
         <run_address>0x11d3</run_address>
         <size>0x71</size>
         <input_file_ref idref="fl-e"/>
      </object_component>
      <object_component id="oc-188">
         <name>.debug_line</name>
         <load_address>0x1244</load_address>
         <run_address>0x1244</run_address>
         <size>0x3b</size>
         <input_file_ref idref="fl-f"/>
      </object_component>
      <object_component id="oc-bb">
         <name>.debug_line</name>
         <load_address>0x127f</load_address>
         <run_address>0x127f</run_address>
         <size>0x121</size>
         <input_file_ref idref="fl-f"/>
      </object_component>
      <object_component id="oc-f2">
         <name>.debug_line</name>
         <load_address>0x13a0</load_address>
         <run_address>0x13a0</run_address>
         <size>0x92</size>
         <input_file_ref idref="fl-c9"/>
      </object_component>
      <object_component id="oc-44">
         <name>.debug_line</name>
         <load_address>0x1432</load_address>
         <run_address>0x1432</run_address>
         <size>0x56</size>
         <input_file_ref idref="fl-c9"/>
      </object_component>
      <object_component id="oc-96">
         <name>.debug_line</name>
         <load_address>0x1488</load_address>
         <run_address>0x1488</run_address>
         <size>0x34</size>
         <input_file_ref idref="fl-c9"/>
      </object_component>
      <object_component id="oc-ef">
         <name>.debug_line</name>
         <load_address>0x14bc</load_address>
         <run_address>0x14bc</run_address>
         <size>0x92</size>
         <input_file_ref idref="fl-c9"/>
      </object_component>
      <object_component id="oc-91">
         <name>.debug_line</name>
         <load_address>0x154e</load_address>
         <run_address>0x154e</run_address>
         <size>0x20</size>
         <input_file_ref idref="fl-ca"/>
      </object_component>
      <object_component id="oc-21">
         <name>.debug_line</name>
         <load_address>0x156e</load_address>
         <run_address>0x156e</run_address>
         <size>0x55</size>
         <input_file_ref idref="fl-ca"/>
      </object_component>
      <object_component id="oc-40">
         <name>.debug_line</name>
         <load_address>0x15c3</load_address>
         <run_address>0x15c3</run_address>
         <size>0x3a</size>
         <input_file_ref idref="fl-ca"/>
      </object_component>
      <object_component id="oc-8e">
         <name>.debug_line</name>
         <load_address>0x15fd</load_address>
         <run_address>0x15fd</run_address>
         <size>0x92</size>
         <input_file_ref idref="fl-ca"/>
      </object_component>
      <object_component id="oc-eb">
         <name>.debug_line</name>
         <load_address>0x168f</load_address>
         <run_address>0x168f</run_address>
         <size>0x20</size>
         <input_file_ref idref="fl-cb"/>
      </object_component>
      <object_component id="oc-1c">
         <name>.debug_line</name>
         <load_address>0x16af</load_address>
         <run_address>0x16af</run_address>
         <size>0xa9</size>
         <input_file_ref idref="fl-cb"/>
      </object_component>
      <object_component id="oc-30">
         <name>.debug_line</name>
         <load_address>0x1758</load_address>
         <run_address>0x1758</run_address>
         <size>0x3a</size>
         <input_file_ref idref="fl-cb"/>
      </object_component>
      <object_component id="oc-e8">
         <name>.debug_line</name>
         <load_address>0x1792</load_address>
         <run_address>0x1792</run_address>
         <size>0x9a</size>
         <input_file_ref idref="fl-cb"/>
      </object_component>
      <object_component id="oc-87">
         <name>.debug_line</name>
         <load_address>0x182c</load_address>
         <run_address>0x182c</run_address>
         <size>0x96</size>
         <input_file_ref idref="fl-cb"/>
      </object_component>
      <object_component id="oc-83">
         <name>.debug_line</name>
         <load_address>0x18c2</load_address>
         <run_address>0x18c2</run_address>
         <size>0x33</size>
         <input_file_ref idref="fl-cc"/>
      </object_component>
      <object_component id="oc-59">
         <name>.debug_line</name>
         <load_address>0x18f5</load_address>
         <run_address>0x18f5</run_address>
         <size>0x45</size>
         <input_file_ref idref="fl-cc"/>
      </object_component>
      <object_component id="oc-3b">
         <name>.debug_line</name>
         <load_address>0x193a</load_address>
         <run_address>0x193a</run_address>
         <size>0x88</size>
         <input_file_ref idref="fl-cd"/>
      </object_component>
      <object_component id="oc-19a">
         <name>.debug_line</name>
         <load_address>0x19c2</load_address>
         <run_address>0x19c2</run_address>
         <size>0xbf</size>
         <input_file_ref idref="fl-cf"/>
      </object_component>
      <object_component id="oc-114">
         <name>.debug_line</name>
         <load_address>0x1a81</load_address>
         <run_address>0x1a81</run_address>
         <size>0x6f</size>
         <input_file_ref idref="fl-cf"/>
      </object_component>
      <object_component id="oc-19e">
         <name>.debug_line</name>
         <load_address>0x1af0</load_address>
         <run_address>0x1af0</run_address>
         <size>0x2e</size>
         <input_file_ref idref="fl-cf"/>
      </object_component>
      <object_component id="oc-1b2">
         <name>.debug_line</name>
         <load_address>0x1b1e</load_address>
         <run_address>0x1b1e</run_address>
         <size>0x9a</size>
         <input_file_ref idref="fl-cf"/>
      </object_component>
      <object_component id="oc-1a3">
         <name>.debug_line</name>
         <load_address>0x1bb8</load_address>
         <run_address>0x1bb8</run_address>
         <size>0x97</size>
         <input_file_ref idref="fl-cf"/>
      </object_component>
      <object_component id="oc-1a8">
         <name>.debug_line</name>
         <load_address>0x1c4f</load_address>
         <run_address>0x1c4f</run_address>
         <size>0x93</size>
         <input_file_ref idref="fl-cf"/>
      </object_component>
      <object_component id="oc-a4">
         <name>.debug_line</name>
         <load_address>0x1ce2</load_address>
         <run_address>0x1ce2</run_address>
         <size>0x40</size>
         <input_file_ref idref="fl-d0"/>
      </object_component>
      <object_component id="oc-10b">
         <name>.debug_line</name>
         <load_address>0x1d22</load_address>
         <run_address>0x1d22</run_address>
         <size>0x3c</size>
         <input_file_ref idref="fl-d2"/>
      </object_component>
      <object_component id="oc-7e">
         <name>.debug_frame</name>
         <load_address>0x0</load_address>
         <run_address>0x0</run_address>
         <size>0x8c</size>
         <input_file_ref idref="fl-2"/>
      </object_component>
      <object_component id="oc-ff">
         <name>.debug_frame</name>
         <load_address>0x8c</load_address>
         <run_address>0x8c</run_address>
         <size>0xb0</size>
         <input_file_ref idref="fl-3"/>
      </object_component>
      <object_component id="oc-d9">
         <name>.debug_frame</name>
         <load_address>0x13c</load_address>
         <run_address>0x13c</run_address>
         <size>0xa4</size>
         <input_file_ref idref="fl-4"/>
      </object_component>
      <object_component id="oc-a7">
         <name>.debug_frame</name>
         <load_address>0x1e0</load_address>
         <run_address>0x1e0</run_address>
         <size>0x88</size>
         <input_file_ref idref="fl-6"/>
      </object_component>
      <object_component id="oc-f7">
         <name>.debug_frame</name>
         <load_address>0x268</load_address>
         <run_address>0x268</run_address>
         <size>0xc8</size>
         <input_file_ref idref="fl-8"/>
      </object_component>
      <object_component id="oc-78">
         <name>.debug_frame</name>
         <load_address>0x330</load_address>
         <run_address>0x330</run_address>
         <size>0x428</size>
         <input_file_ref idref="fl-c"/>
      </object_component>
      <object_component id="oc-6f">
         <name>.debug_frame</name>
         <load_address>0x758</load_address>
         <run_address>0x758</run_address>
         <size>0x84</size>
         <input_file_ref idref="fl-d"/>
      </object_component>
      <object_component id="oc-6c">
         <name>.debug_frame</name>
         <load_address>0x7dc</load_address>
         <run_address>0x7dc</run_address>
         <size>0x6c</size>
         <input_file_ref idref="fl-e"/>
      </object_component>
      <object_component id="oc-bc">
         <name>.debug_frame</name>
         <load_address>0x848</load_address>
         <run_address>0x848</run_address>
         <size>0x70</size>
         <input_file_ref idref="fl-f"/>
      </object_component>
      <object_component id="oc-45">
         <name>.debug_frame</name>
         <load_address>0x8b8</load_address>
         <run_address>0x8b8</run_address>
         <size>0x54</size>
         <input_file_ref idref="fl-c9"/>
      </object_component>
      <object_component id="oc-22">
         <name>.debug_frame</name>
         <load_address>0x90c</load_address>
         <run_address>0x90c</run_address>
         <size>0x54</size>
         <input_file_ref idref="fl-ca"/>
      </object_component>
      <object_component id="oc-18">
         <name>.debug_frame</name>
         <load_address>0x960</load_address>
         <run_address>0x960</run_address>
         <size>0x60</size>
         <input_file_ref idref="fl-cb"/>
      </object_component>
      <object_component id="oc-5a">
         <name>.debug_frame</name>
         <load_address>0x9c0</load_address>
         <run_address>0x9c0</run_address>
         <size>0x50</size>
         <input_file_ref idref="fl-cc"/>
      </object_component>
      <object_component id="oc-117">
         <name>.debug_frame</name>
         <load_address>0xa10</load_address>
         <run_address>0xa10</run_address>
         <size>0x5c</size>
         <input_file_ref idref="fl-cf"/>
      </object_component>
      <object_component id="oc-a3">
         <name>.debug_frame</name>
         <load_address>0xa6c</load_address>
         <run_address>0xa6c</run_address>
         <size>0x54</size>
         <input_file_ref idref="fl-d0"/>
      </object_component>
      <object_component id="oc-108">
         <name>.debug_frame</name>
         <load_address>0xac0</load_address>
         <run_address>0xac0</run_address>
         <size>0x54</size>
         <input_file_ref idref="fl-d2"/>
      </object_component>
      <object_component id="oc-15e">
         <name>.debug_abbrev</name>
         <load_address>0x0</load_address>
         <run_address>0x0</run_address>
         <size>0xbd</size>
         <input_file_ref idref="fl-2"/>
      </object_component>
      <object_component id="oc-dd">
         <name>.debug_abbrev</name>
         <load_address>0xbd</load_address>
         <run_address>0xbd</run_address>
         <size>0xb8</size>
         <input_file_ref idref="fl-2"/>
      </object_component>
      <object_component id="oc-14c">
         <name>.debug_abbrev</name>
         <load_address>0x175</load_address>
         <run_address>0x175</run_address>
         <size>0xbd</size>
         <input_file_ref idref="fl-2"/>
      </object_component>
      <object_component id="oc-151">
         <name>.debug_abbrev</name>
         <load_address>0x232</load_address>
         <run_address>0x232</run_address>
         <size>0x97</size>
         <input_file_ref idref="fl-2"/>
      </object_component>
      <object_component id="oc-e2">
         <name>.debug_abbrev</name>
         <load_address>0x2c9</load_address>
         <run_address>0x2c9</run_address>
         <size>0x69</size>
         <input_file_ref idref="fl-2"/>
      </object_component>
      <object_component id="oc-34">
         <name>.debug_abbrev</name>
         <load_address>0x332</load_address>
         <run_address>0x332</run_address>
         <size>0x1f</size>
         <input_file_ref idref="fl-2"/>
      </object_component>
      <object_component id="oc-156">
         <name>.debug_abbrev</name>
         <load_address>0x351</load_address>
         <run_address>0x351</run_address>
         <size>0x5c</size>
         <input_file_ref idref="fl-2"/>
      </object_component>
      <object_component id="oc-c4">
         <name>.debug_abbrev</name>
         <load_address>0x3ad</load_address>
         <run_address>0x3ad</run_address>
         <size>0x24</size>
         <input_file_ref idref="fl-2"/>
      </object_component>
      <object_component id="oc-189">
         <name>.debug_abbrev</name>
         <load_address>0x3d1</load_address>
         <run_address>0x3d1</run_address>
         <size>0x29</size>
         <input_file_ref idref="fl-3"/>
      </object_component>
      <object_component id="oc-164">
         <name>.debug_abbrev</name>
         <load_address>0x3fa</load_address>
         <run_address>0x3fa</run_address>
         <size>0xa9</size>
         <input_file_ref idref="fl-3"/>
      </object_component>
      <object_component id="oc-15d">
         <name>.debug_abbrev</name>
         <load_address>0x4a3</load_address>
         <run_address>0x4a3</run_address>
         <size>0x50</size>
         <input_file_ref idref="fl-4"/>
      </object_component>
      <object_component id="oc-165">
         <name>.debug_abbrev</name>
         <load_address>0x4f3</load_address>
         <run_address>0x4f3</run_address>
         <size>0xd1</size>
         <input_file_ref idref="fl-6"/>
      </object_component>
      <object_component id="oc-105">
         <name>.debug_abbrev</name>
         <load_address>0x5c4</load_address>
         <run_address>0x5c4</run_address>
         <size>0xa9</size>
         <input_file_ref idref="fl-6"/>
      </object_component>
      <object_component id="oc-d1">
         <name>.debug_abbrev</name>
         <load_address>0x66d</load_address>
         <run_address>0x66d</run_address>
         <size>0x33</size>
         <input_file_ref idref="fl-6"/>
      </object_component>
      <object_component id="oc-160">
         <name>.debug_abbrev</name>
         <load_address>0x6a0</load_address>
         <run_address>0x6a0</run_address>
         <size>0x6c</size>
         <input_file_ref idref="fl-8"/>
      </object_component>
      <object_component id="oc-159">
         <name>.debug_abbrev</name>
         <load_address>0x70c</load_address>
         <run_address>0x70c</run_address>
         <size>0x97</size>
         <input_file_ref idref="fl-c"/>
      </object_component>
      <object_component id="oc-15b">
         <name>.debug_abbrev</name>
         <load_address>0x7a3</load_address>
         <run_address>0x7a3</run_address>
         <size>0x29</size>
         <input_file_ref idref="fl-c"/>
      </object_component>
      <object_component id="oc-ce">
         <name>.debug_abbrev</name>
         <load_address>0x7cc</load_address>
         <run_address>0x7cc</run_address>
         <size>0xe5</size>
         <input_file_ref idref="fl-c"/>
      </object_component>
      <object_component id="oc-148">
         <name>.debug_abbrev</name>
         <load_address>0x8b1</load_address>
         <run_address>0x8b1</run_address>
         <size>0x97</size>
         <input_file_ref idref="fl-d"/>
      </object_component>
      <object_component id="oc-c1">
         <name>.debug_abbrev</name>
         <load_address>0x948</load_address>
         <run_address>0x948</run_address>
         <size>0x7b</size>
         <input_file_ref idref="fl-d"/>
      </object_component>
      <object_component id="oc-de">
         <name>.debug_abbrev</name>
         <load_address>0x9c3</load_address>
         <run_address>0x9c3</run_address>
         <size>0x7c</size>
         <input_file_ref idref="fl-e"/>
      </object_component>
      <object_component id="oc-7f">
         <name>.debug_abbrev</name>
         <load_address>0xa3f</load_address>
         <run_address>0xa3f</run_address>
         <size>0x29</size>
         <input_file_ref idref="fl-e"/>
      </object_component>
      <object_component id="oc-bd">
         <name>.debug_abbrev</name>
         <load_address>0xa68</load_address>
         <run_address>0xa68</run_address>
         <size>0x89</size>
         <input_file_ref idref="fl-e"/>
      </object_component>
      <object_component id="oc-187">
         <name>.debug_abbrev</name>
         <load_address>0xaf1</load_address>
         <run_address>0xaf1</run_address>
         <size>0x29</size>
         <input_file_ref idref="fl-f"/>
      </object_component>
      <object_component id="oc-147">
         <name>.debug_abbrev</name>
         <load_address>0xb1a</load_address>
         <run_address>0xb1a</run_address>
         <size>0x8b</size>
         <input_file_ref idref="fl-f"/>
      </object_component>
      <object_component id="oc-f1">
         <name>.debug_abbrev</name>
         <load_address>0xba5</load_address>
         <run_address>0xba5</run_address>
         <size>0x5d</size>
         <input_file_ref idref="fl-c9"/>
      </object_component>
      <object_component id="oc-92">
         <name>.debug_abbrev</name>
         <load_address>0xc02</load_address>
         <run_address>0xc02</run_address>
         <size>0x6f</size>
         <input_file_ref idref="fl-c9"/>
      </object_component>
      <object_component id="oc-95">
         <name>.debug_abbrev</name>
         <load_address>0xc71</load_address>
         <run_address>0xc71</run_address>
         <size>0x24</size>
         <input_file_ref idref="fl-c9"/>
      </object_component>
      <object_component id="oc-ee">
         <name>.debug_abbrev</name>
         <load_address>0xc95</load_address>
         <run_address>0xc95</run_address>
         <size>0x24</size>
         <input_file_ref idref="fl-c9"/>
      </object_component>
      <object_component id="oc-90">
         <name>.debug_abbrev</name>
         <load_address>0xcb9</load_address>
         <run_address>0xcb9</run_address>
         <size>0x37</size>
         <input_file_ref idref="fl-ca"/>
      </object_component>
      <object_component id="oc-3c">
         <name>.debug_abbrev</name>
         <load_address>0xcf0</load_address>
         <run_address>0xcf0</run_address>
         <size>0x74</size>
         <input_file_ref idref="fl-ca"/>
      </object_component>
      <object_component id="oc-3f">
         <name>.debug_abbrev</name>
         <load_address>0xd64</load_address>
         <run_address>0xd64</run_address>
         <size>0x24</size>
         <input_file_ref idref="fl-ca"/>
      </object_component>
      <object_component id="oc-8d">
         <name>.debug_abbrev</name>
         <load_address>0xd88</load_address>
         <run_address>0xd88</run_address>
         <size>0x24</size>
         <input_file_ref idref="fl-ca"/>
      </object_component>
      <object_component id="oc-ea">
         <name>.debug_abbrev</name>
         <load_address>0xdac</load_address>
         <run_address>0xdac</run_address>
         <size>0x37</size>
         <input_file_ref idref="fl-cb"/>
      </object_component>
      <object_component id="oc-2c">
         <name>.debug_abbrev</name>
         <load_address>0xde3</load_address>
         <run_address>0xde3</run_address>
         <size>0x6f</size>
         <input_file_ref idref="fl-cb"/>
      </object_component>
      <object_component id="oc-2f">
         <name>.debug_abbrev</name>
         <load_address>0xe52</load_address>
         <run_address>0xe52</run_address>
         <size>0x24</size>
         <input_file_ref idref="fl-cb"/>
      </object_component>
      <object_component id="oc-e7">
         <name>.debug_abbrev</name>
         <load_address>0xe76</load_address>
         <run_address>0xe76</run_address>
         <size>0x35</size>
         <input_file_ref idref="fl-cb"/>
      </object_component>
      <object_component id="oc-86">
         <name>.debug_abbrev</name>
         <load_address>0xeab</load_address>
         <run_address>0xeab</run_address>
         <size>0x24</size>
         <input_file_ref idref="fl-cb"/>
      </object_component>
      <object_component id="oc-82">
         <name>.debug_abbrev</name>
         <load_address>0xecf</load_address>
         <run_address>0xecf</run_address>
         <size>0x29</size>
         <input_file_ref idref="fl-cc"/>
      </object_component>
      <object_component id="oc-ae">
         <name>.debug_abbrev</name>
         <load_address>0xef8</load_address>
         <run_address>0xef8</run_address>
         <size>0x55</size>
         <input_file_ref idref="fl-cc"/>
      </object_component>
      <object_component id="oc-8a">
         <name>.debug_abbrev</name>
         <load_address>0xf4d</load_address>
         <run_address>0xf4d</run_address>
         <size>0x3e</size>
         <input_file_ref idref="fl-cd"/>
      </object_component>
      <object_component id="oc-199">
         <name>.debug_abbrev</name>
         <load_address>0xf8b</load_address>
         <run_address>0xf8b</run_address>
         <size>0xc0</size>
         <input_file_ref idref="fl-cf"/>
      </object_component>
      <object_component id="oc-171">
         <name>.debug_abbrev</name>
         <load_address>0x104b</load_address>
         <run_address>0x104b</run_address>
         <size>0x7e</size>
         <input_file_ref idref="fl-cf"/>
      </object_component>
      <object_component id="oc-19d">
         <name>.debug_abbrev</name>
         <load_address>0x10c9</load_address>
         <run_address>0x10c9</run_address>
         <size>0x24</size>
         <input_file_ref idref="fl-cf"/>
      </object_component>
      <object_component id="oc-1b1">
         <name>.debug_abbrev</name>
         <load_address>0x10ed</load_address>
         <run_address>0x10ed</run_address>
         <size>0x24</size>
         <input_file_ref idref="fl-cf"/>
      </object_component>
      <object_component id="oc-1a2">
         <name>.debug_abbrev</name>
         <load_address>0x1111</load_address>
         <run_address>0x1111</run_address>
         <size>0x24</size>
         <input_file_ref idref="fl-cf"/>
      </object_component>
      <object_component id="oc-1a7">
         <name>.debug_abbrev</name>
         <load_address>0x1135</load_address>
         <run_address>0x1135</run_address>
         <size>0x4b</size>
         <input_file_ref idref="fl-cf"/>
      </object_component>
      <object_component id="oc-f4">
         <name>.debug_abbrev</name>
         <load_address>0x1180</load_address>
         <run_address>0x1180</run_address>
         <size>0x55</size>
         <input_file_ref idref="fl-d0"/>
      </object_component>
      <object_component id="oc-167">
         <name>.debug_abbrev</name>
         <load_address>0x11d5</load_address>
         <run_address>0x11d5</run_address>
         <size>0x45</size>
         <input_file_ref idref="fl-d2"/>
      </object_component>
      <object_component id="oc-1f1">
         <name>.debug_abbrev</name>
         <load_address>0x121a</load_address>
         <run_address>0x121a</run_address>
         <size>0xf</size>
      </object_component>
      <object_component id="oc-14e">
         <name>.debug_str</name>
         <load_address>0x0</load_address>
         <run_address>0x0</run_address>
         <size>0x15f7</size>
         <input_file_ref idref="fl-2"/>
      </object_component>
      <object_component id="oc-153">
         <name>.debug_str</name>
         <load_address>0x15f7</load_address>
         <run_address>0x15f7</run_address>
         <size>0x4b3</size>
         <input_file_ref idref="fl-2"/>
      </object_component>
      <object_component id="oc-e4">
         <name>.debug_str</name>
         <load_address>0x1aaa</load_address>
         <run_address>0x1aaa</run_address>
         <size>0x2de</size>
         <input_file_ref idref="fl-2"/>
      </object_component>
      <object_component id="oc-36">
         <name>.debug_str</name>
         <load_address>0x1d88</load_address>
         <run_address>0x1d88</run_address>
         <size>0xfd</size>
         <input_file_ref idref="fl-2"/>
      </object_component>
      <object_component id="oc-158">
         <name>.debug_str</name>
         <load_address>0x1e85</load_address>
         <run_address>0x1e85</run_address>
         <size>0x374</size>
         <input_file_ref idref="fl-2"/>
      </object_component>
      <object_component id="oc-c6">
         <name>.debug_str</name>
         <load_address>0x21f9</load_address>
         <run_address>0x21f9</run_address>
         <size>0x176</size>
         <input_file_ref idref="fl-2"/>
      </object_component>
      <object_component id="oc-d3">
         <name>.debug_str</name>
         <load_address>0x236f</load_address>
         <run_address>0x236f</run_address>
         <size>0x230</size>
         <input_file_ref idref="fl-6"/>
      </object_component>
      <object_component id="oc-97">
         <name>.debug_str</name>
         <load_address>0x259f</load_address>
         <run_address>0x259f</run_address>
         <size>0x105</size>
         <input_file_ref idref="fl-c9"/>
      </object_component>
      <object_component id="oc-f0">
         <name>.debug_str</name>
         <load_address>0x26a4</load_address>
         <run_address>0x26a4</run_address>
         <size>0x140</size>
         <input_file_ref idref="fl-c9"/>
      </object_component>
      <object_component id="oc-41">
         <name>.debug_str</name>
         <load_address>0x27e4</load_address>
         <run_address>0x27e4</run_address>
         <size>0x10b</size>
         <input_file_ref idref="fl-ca"/>
      </object_component>
      <object_component id="oc-8f">
         <name>.debug_str</name>
         <load_address>0x28ef</load_address>
         <run_address>0x28ef</run_address>
         <size>0x140</size>
         <input_file_ref idref="fl-ca"/>
      </object_component>
      <object_component id="oc-31">
         <name>.debug_str</name>
         <load_address>0x2a2f</load_address>
         <run_address>0x2a2f</run_address>
         <size>0x118</size>
         <input_file_ref idref="fl-cb"/>
      </object_component>
      <object_component id="oc-e9">
         <name>.debug_str</name>
         <load_address>0x2b47</load_address>
         <run_address>0x2b47</run_address>
         <size>0x16b</size>
         <input_file_ref idref="fl-cb"/>
      </object_component>
      <object_component id="oc-88">
         <name>.debug_str</name>
         <load_address>0x2cb2</load_address>
         <run_address>0x2cb2</run_address>
         <size>0x158</size>
         <input_file_ref idref="fl-cb"/>
      </object_component>
      <object_component id="oc-19f">
         <name>.debug_str</name>
         <load_address>0x2e0a</load_address>
         <run_address>0x2e0a</run_address>
         <size>0xed</size>
         <input_file_ref idref="fl-cf"/>
      </object_component>
      <object_component id="oc-1b3">
         <name>.debug_str</name>
         <load_address>0x2ef7</load_address>
         <run_address>0x2ef7</run_address>
         <size>0x157</size>
         <input_file_ref idref="fl-cf"/>
      </object_component>
      <object_component id="oc-1a4">
         <name>.debug_str</name>
         <load_address>0x304e</load_address>
         <run_address>0x304e</run_address>
         <size>0x150</size>
         <input_file_ref idref="fl-cf"/>
      </object_component>
      <object_component id="oc-1a9">
         <name>.debug_str</name>
         <load_address>0x319e</load_address>
         <run_address>0x319e</run_address>
         <size>0x197</size>
         <input_file_ref idref="fl-cf"/>
      </object_component>
      <object_component id="oc-7b">
         <name>.debug_aranges</name>
         <load_address>0x0</load_address>
         <run_address>0x0</run_address>
         <size>0x30</size>
         <input_file_ref idref="fl-2"/>
      </object_component>
      <object_component id="oc-fd">
         <name>.debug_aranges</name>
         <load_address>0x30</load_address>
         <run_address>0x30</run_address>
         <size>0x40</size>
         <input_file_ref idref="fl-3"/>
      </object_component>
      <object_component id="oc-d5">
         <name>.debug_aranges</name>
         <load_address>0x70</load_address>
         <run_address>0x70</run_address>
         <size>0x40</size>
         <input_file_ref idref="fl-4"/>
      </object_component>
      <object_component id="oc-aa">
         <name>.debug_aranges</name>
         <load_address>0xb0</load_address>
         <run_address>0xb0</run_address>
         <size>0x30</size>
         <input_file_ref idref="fl-6"/>
      </object_component>
      <object_component id="oc-f6">
         <name>.debug_aranges</name>
         <load_address>0xe0</load_address>
         <run_address>0xe0</run_address>
         <size>0x48</size>
         <input_file_ref idref="fl-8"/>
      </object_component>
      <object_component id="oc-75">
         <name>.debug_aranges</name>
         <load_address>0x128</load_address>
         <run_address>0x128</run_address>
         <size>0x198</size>
         <input_file_ref idref="fl-c"/>
      </object_component>
      <object_component id="oc-6e">
         <name>.debug_aranges</name>
         <load_address>0x2c0</load_address>
         <run_address>0x2c0</run_address>
         <size>0x30</size>
         <input_file_ref idref="fl-d"/>
      </object_component>
      <object_component id="oc-6a">
         <name>.debug_aranges</name>
         <load_address>0x2f0</load_address>
         <run_address>0x2f0</run_address>
         <size>0x28</size>
         <input_file_ref idref="fl-e"/>
      </object_component>
      <object_component id="oc-ba">
         <name>.debug_aranges</name>
         <load_address>0x318</load_address>
         <run_address>0x318</run_address>
         <size>0x28</size>
         <input_file_ref idref="fl-f"/>
      </object_component>
      <object_component id="oc-47">
         <name>.debug_aranges</name>
         <load_address>0x340</load_address>
         <run_address>0x340</run_address>
         <size>0x20</size>
         <input_file_ref idref="fl-c9"/>
      </object_component>
      <object_component id="oc-1e">
         <name>.debug_aranges</name>
         <load_address>0x360</load_address>
         <run_address>0x360</run_address>
         <size>0x20</size>
         <input_file_ref idref="fl-ca"/>
      </object_component>
      <object_component id="oc-1b">
         <name>.debug_aranges</name>
         <load_address>0x380</load_address>
         <run_address>0x380</run_address>
         <size>0x20</size>
         <input_file_ref idref="fl-cb"/>
      </object_component>
      <object_component id="oc-57">
         <name>.debug_aranges</name>
         <load_address>0x3a0</load_address>
         <run_address>0x3a0</run_address>
         <size>0x20</size>
         <input_file_ref idref="fl-cc"/>
      </object_component>
      <object_component id="oc-39">
         <name>.debug_aranges</name>
         <load_address>0x3c0</load_address>
         <run_address>0x3c0</run_address>
         <size>0x20</size>
         <input_file_ref idref="fl-cd"/>
      </object_component>
      <object_component id="oc-113">
         <name>.debug_aranges</name>
         <load_address>0x3e0</load_address>
         <run_address>0x3e0</run_address>
         <size>0x20</size>
         <input_file_ref idref="fl-cf"/>
      </object_component>
      <object_component id="oc-a2">
         <name>.debug_aranges</name>
         <load_address>0x400</load_address>
         <run_address>0x400</run_address>
         <size>0x20</size>
         <input_file_ref idref="fl-d0"/>
      </object_component>
      <object_component id="oc-107">
         <name>.debug_aranges</name>
         <load_address>0x420</load_address>
         <run_address>0x420</run_address>
         <size>0x20</size>
         <input_file_ref idref="fl-d2"/>
      </object_component>
      <object_component id="oc-dc">
         <name>.debug_pubnames</name>
         <load_address>0x0</load_address>
         <run_address>0x0</run_address>
         <size>0x1f</size>
         <input_file_ref idref="fl-2"/>
      </object_component>
      <object_component id="oc-7c">
         <name>.debug_pubnames</name>
         <load_address>0x1f</load_address>
         <run_address>0x1f</run_address>
         <size>0x46</size>
         <input_file_ref idref="fl-2"/>
      </object_component>
      <object_component id="oc-163">
         <name>.debug_pubnames</name>
         <load_address>0x65</load_address>
         <run_address>0x65</run_address>
         <size>0x67</size>
         <input_file_ref idref="fl-3"/>
      </object_component>
      <object_component id="oc-fe">
         <name>.debug_pubnames</name>
         <load_address>0xcc</load_address>
         <run_address>0xcc</run_address>
         <size>0x68</size>
         <input_file_ref idref="fl-3"/>
      </object_component>
      <object_component id="oc-d7">
         <name>.debug_pubnames</name>
         <load_address>0x134</load_address>
         <run_address>0x134</run_address>
         <size>0x74</size>
         <input_file_ref idref="fl-4"/>
      </object_component>
      <object_component id="oc-103">
         <name>.debug_pubnames</name>
         <load_address>0x1a8</load_address>
         <run_address>0x1a8</run_address>
         <size>0x36</size>
         <input_file_ref idref="fl-6"/>
      </object_component>
      <object_component id="oc-a9">
         <name>.debug_pubnames</name>
         <load_address>0x1de</load_address>
         <run_address>0x1de</run_address>
         <size>0x39</size>
         <input_file_ref idref="fl-6"/>
      </object_component>
      <object_component id="oc-f9">
         <name>.debug_pubnames</name>
         <load_address>0x217</load_address>
         <run_address>0x217</run_address>
         <size>0x74</size>
         <input_file_ref idref="fl-8"/>
      </object_component>
      <object_component id="oc-c9">
         <name>.debug_pubnames</name>
         <load_address>0x28b</load_address>
         <run_address>0x28b</run_address>
         <size>0x32</size>
         <input_file_ref idref="fl-c"/>
      </object_component>
      <object_component id="oc-cc">
         <name>.debug_pubnames</name>
         <load_address>0x2bd</load_address>
         <run_address>0x2bd</run_address>
         <size>0x63</size>
         <input_file_ref idref="fl-c"/>
      </object_component>
      <object_component id="oc-76">
         <name>.debug_pubnames</name>
         <load_address>0x320</load_address>
         <run_address>0x320</run_address>
         <size>0x3a7</size>
         <input_file_ref idref="fl-c"/>
      </object_component>
      <object_component id="oc-c0">
         <name>.debug_pubnames</name>
         <load_address>0x6c7</load_address>
         <run_address>0x6c7</run_address>
         <size>0x22</size>
         <input_file_ref idref="fl-d"/>
      </object_component>
      <object_component id="oc-71">
         <name>.debug_pubnames</name>
         <load_address>0x6e9</load_address>
         <run_address>0x6e9</run_address>
         <size>0x49</size>
         <input_file_ref idref="fl-d"/>
      </object_component>
      <object_component id="oc-28">
         <name>.debug_pubnames</name>
         <load_address>0x732</load_address>
         <run_address>0x732</run_address>
         <size>0x27</size>
         <input_file_ref idref="fl-e"/>
      </object_component>
      <object_component id="oc-6b">
         <name>.debug_pubnames</name>
         <load_address>0x759</load_address>
         <run_address>0x759</run_address>
         <size>0x38</size>
         <input_file_ref idref="fl-e"/>
      </object_component>
      <object_component id="oc-146">
         <name>.debug_pubnames</name>
         <load_address>0x791</load_address>
         <run_address>0x791</run_address>
         <size>0x26</size>
         <input_file_ref idref="fl-f"/>
      </object_component>
      <object_component id="oc-b9">
         <name>.debug_pubnames</name>
         <load_address>0x7b7</load_address>
         <run_address>0x7b7</run_address>
         <size>0x3b</size>
         <input_file_ref idref="fl-f"/>
      </object_component>
      <object_component id="oc-48">
         <name>.debug_pubnames</name>
         <load_address>0x7f2</load_address>
         <run_address>0x7f2</run_address>
         <size>0x2e</size>
         <input_file_ref idref="fl-c9"/>
      </object_component>
      <object_component id="oc-20">
         <name>.debug_pubnames</name>
         <load_address>0x820</load_address>
         <run_address>0x820</run_address>
         <size>0x2b</size>
         <input_file_ref idref="fl-ca"/>
      </object_component>
      <object_component id="oc-1a">
         <name>.debug_pubnames</name>
         <load_address>0x84b</load_address>
         <run_address>0x84b</run_address>
         <size>0x2b</size>
         <input_file_ref idref="fl-cb"/>
      </object_component>
      <object_component id="oc-2b">
         <name>.debug_pubnames</name>
         <load_address>0x876</load_address>
         <run_address>0x876</run_address>
         <size>0x1e</size>
         <input_file_ref idref="fl-cc"/>
      </object_component>
      <object_component id="oc-58">
         <name>.debug_pubnames</name>
         <load_address>0x894</load_address>
         <run_address>0x894</run_address>
         <size>0x26</size>
         <input_file_ref idref="fl-cc"/>
      </object_component>
      <object_component id="oc-3a">
         <name>.debug_pubnames</name>
         <load_address>0x8ba</load_address>
         <run_address>0x8ba</run_address>
         <size>0x1d</size>
         <input_file_ref idref="fl-cd"/>
      </object_component>
      <object_component id="oc-116">
         <name>.debug_pubnames</name>
         <load_address>0x8d7</load_address>
         <run_address>0x8d7</run_address>
         <size>0x35</size>
         <input_file_ref idref="fl-cf"/>
      </object_component>
      <object_component id="oc-a1">
         <name>.debug_pubnames</name>
         <load_address>0x90c</load_address>
         <run_address>0x90c</run_address>
         <size>0x27</size>
         <input_file_ref idref="fl-d0"/>
      </object_component>
      <object_component id="oc-10a">
         <name>.debug_pubnames</name>
         <load_address>0x933</load_address>
         <run_address>0x933</run_address>
         <size>0x1c</size>
         <input_file_ref idref="fl-d2"/>
      </object_component>
      <object_component id="oc-14b">
         <name>.debug_pubtypes</name>
         <load_address>0x0</load_address>
         <run_address>0x0</run_address>
         <size>0x2ce</size>
         <input_file_ref idref="fl-2"/>
      </object_component>
      <object_component id="oc-150">
         <name>.debug_pubtypes</name>
         <load_address>0x2ce</load_address>
         <run_address>0x2ce</run_address>
         <size>0xdd</size>
         <input_file_ref idref="fl-2"/>
      </object_component>
      <object_component id="oc-e1">
         <name>.debug_pubtypes</name>
         <load_address>0x3ab</load_address>
         <run_address>0x3ab</run_address>
         <size>0x25c</size>
         <input_file_ref idref="fl-2"/>
      </object_component>
      <object_component id="oc-33">
         <name>.debug_pubtypes</name>
         <load_address>0x607</load_address>
         <run_address>0x607</run_address>
         <size>0xed</size>
         <input_file_ref idref="fl-2"/>
      </object_component>
      <object_component id="oc-155">
         <name>.debug_pubtypes</name>
         <load_address>0x6f4</load_address>
         <run_address>0x6f4</run_address>
         <size>0x330</size>
         <input_file_ref idref="fl-2"/>
      </object_component>
      <object_component id="oc-c3">
         <name>.debug_pubtypes</name>
         <load_address>0xa24</load_address>
         <run_address>0xa24</run_address>
         <size>0xaa</size>
         <input_file_ref idref="fl-2"/>
      </object_component>
      <object_component id="oc-d0">
         <name>.debug_pubtypes</name>
         <load_address>0xace</load_address>
         <run_address>0xace</run_address>
         <size>0x20</size>
         <input_file_ref idref="fl-6"/>
      </object_component>
      <object_component id="oc-94">
         <name>.debug_pubtypes</name>
         <load_address>0xaee</load_address>
         <run_address>0xaee</run_address>
         <size>0x48</size>
         <input_file_ref idref="fl-c9"/>
      </object_component>
      <object_component id="oc-ed">
         <name>.debug_pubtypes</name>
         <load_address>0xb36</load_address>
         <run_address>0xb36</run_address>
         <size>0x1d</size>
         <input_file_ref idref="fl-c9"/>
      </object_component>
      <object_component id="oc-3e">
         <name>.debug_pubtypes</name>
         <load_address>0xb53</load_address>
         <run_address>0xb53</run_address>
         <size>0x48</size>
         <input_file_ref idref="fl-ca"/>
      </object_component>
      <object_component id="oc-8c">
         <name>.debug_pubtypes</name>
         <load_address>0xb9b</load_address>
         <run_address>0xb9b</run_address>
         <size>0x1d</size>
         <input_file_ref idref="fl-ca"/>
      </object_component>
      <object_component id="oc-2e">
         <name>.debug_pubtypes</name>
         <load_address>0xbb8</load_address>
         <run_address>0xbb8</run_address>
         <size>0x5d</size>
         <input_file_ref idref="fl-cb"/>
      </object_component>
      <object_component id="oc-e6">
         <name>.debug_pubtypes</name>
         <load_address>0xc15</load_address>
         <run_address>0xc15</run_address>
         <size>0x48</size>
         <input_file_ref idref="fl-cb"/>
      </object_component>
      <object_component id="oc-85">
         <name>.debug_pubtypes</name>
         <load_address>0xc5d</load_address>
         <run_address>0xc5d</run_address>
         <size>0x35</size>
         <input_file_ref idref="fl-cb"/>
      </object_component>
      <object_component id="oc-19c">
         <name>.debug_pubtypes</name>
         <load_address>0xc92</load_address>
         <run_address>0xc92</run_address>
         <size>0x32</size>
         <input_file_ref idref="fl-cf"/>
      </object_component>
      <object_component id="oc-1b0">
         <name>.debug_pubtypes</name>
         <load_address>0xcc4</load_address>
         <run_address>0xcc4</run_address>
         <size>0x30</size>
         <input_file_ref idref="fl-cf"/>
      </object_component>
      <object_component id="oc-1a1">
         <name>.debug_pubtypes</name>
         <load_address>0xcf4</load_address>
         <run_address>0xcf4</run_address>
         <size>0x2c</size>
         <input_file_ref idref="fl-cf"/>
      </object_component>
      <object_component id="oc-1a6">
         <name>.debug_pubtypes</name>
         <load_address>0xd20</load_address>
         <run_address>0xd20</run_address>
         <size>0x50</size>
         <input_file_ref idref="fl-cf"/>
      </object_component>
   </object_component_list>
   <logical_group_list>
      <logical_group id="lg-3" display="no" color="cyan">
         <name>.intvecs</name>
         <load_address>0x0</load_address>
         <run_address>0x0</run_address>
         <size>0xe4</size>
         <contents>
            <object_component_ref idref="oc-26"/>
         </contents>
      </logical_group>
      <logical_group id="lg-4" display="no" color="cyan">
         <name>.text</name>
         <load_address>0xe4</load_address>
         <run_address>0xe4</run_address>
         <size>0x137c</size>
         <contents>
            <object_component_ref idref="oc-73"/>
            <object_component_ref idref="oc-b7"/>
            <object_component_ref idref="oc-f5"/>
            <object_component_ref idref="oc-79"/>
            <object_component_ref idref="oc-fb"/>
            <object_component_ref idref="oc-37"/>
            <object_component_ref idref="oc-6d"/>
            <object_component_ref idref="oc-a5"/>
            <object_component_ref idref="oc-17"/>
            <object_component_ref idref="oc-112"/>
            <object_component_ref idref="oc-55"/>
            <object_component_ref idref="oc-d4"/>
            <object_component_ref idref="oc-43"/>
            <object_component_ref idref="oc-1d"/>
            <object_component_ref idref="oc-67"/>
            <object_component_ref idref="oc-9f"/>
            <object_component_ref idref="oc-106"/>
         </contents>
      </logical_group>
      <logical_group id="lg-5" display="no" color="cyan">
         <name>.const</name>
         <run_address>0x0</run_address>
         <size>0x0</size>
         <contents>
         </contents>
      </logical_group>
      <logical_group id="lg-6" display="no" color="cyan">
         <name>.cinit</name>
         <load_address>0x1460</load_address>
         <run_address>0x1460</run_address>
         <size>0x38</size>
         <contents>
[...]
      </symbol>
      <symbol id="sm-e3">
         <name>HandleCollision</name>
         <value>0x12b1</value>
         <object_component_ref idref="oc-a5"/>
      </symbol>
      <symbol id="sm-e4">
         <name>main</name>
         <value>0x12cb</value>
         <object_component_ref idref="oc-a5"/>
      </symbol>
      <symbol id="sm-e5">
         <name>main1</name>
         <value>0x12fd</value>
         <object_component_ref idref="oc-a5"/>
      </symbol>
      <symbol id="sm-108">
         <name>Motor_Left</name>
         <value>0xc8d</value>
         <object_component_ref idref="oc-f5"/>
      </symbol>
      <symbol id="sm-109">
         <name>Motor_Init</name>
         <value>0xad9</value>
         <object_component_ref idref="oc-f5"/>
      </symbol>
      <symbol id="sm-10a">
         <name>Motor_Backward</name>
         <value>0xcd5</value>
         <object_component_ref idref="oc-f5"/>
      </symbol>
      <symbol id="sm-10b">
         <name>Motor_Right</name>
         <value>0xc45</value>
         <object_component_ref idref="oc-f5"/>
      </symbol>
      <symbol id="sm-10c">
         <name>Motor_Stop</name>
         <value>0xbd3</value>
         <object_component_ref idref="oc-f5"/>
      </symbol>
      <symbol id="sm-10d">
         <name>Motor_Forward</name>
         <value>0xbfd</value>
         <object_component_ref idref="oc-f5"/>
      </symbol>
      <symbol id="sm-1b8">
         <name>LogicData</name>
         <value>0x20000036</value>
      </symbol>
      <symbol id="sm-1b9">
         <name>PeriodicTask2</name>
         <value>0x2000002c</value>
      </symbol>
      <symbol id="sm-1ba">
         <name>TExaS_Clear5</name>
         <value>0x4bf</value>
         <object_component_ref idref="oc-73"/>
      </symbol>
      <symbol id="sm-1bb">
         <name>TExaS_Clear4</name>
         <value>0x4bd</value>
         <object_component_ref idref="oc-73"/>
      </symbol>
      <symbol id="sm-1bc">
         <name>TExaS_Clear6</name>
         <value>0x4cb</value>
         <object_component_ref idref="oc-73"/>
      </symbol>
      <symbol id="sm-1bd">
         <name>TExaS_Clear1</name>
         <value>0x491</value>
         <object_component_ref idref="oc-73"/>
      </symbol>
      <symbol id="sm-1be">
         <name>TExaS_Clear0</name>
         <value>0x485</value>
         <object_component_ref idref="oc-73"/>
      </symbol>
      <symbol id="sm-1bf">
         <name>TExaS_Clear3</name>
         <value>0x4b1</value>
         <object_component_ref idref="oc-73"/>
      </symbol>
      <symbol id="sm-1c0">
         <name>TExaS_Clear2</name>
         <value>0x4a5</value>
         <object_component_ref idref="oc-73"/>
      </symbol>
      <symbol id="sm-1c1">
         <name>TExaS_Stop</name>
         <value>0x741</value>
         <object_component_ref idref="oc-73"/>
      </symbol>
      <symbol id="sm-1c2">
         <name>TExaS_ScopeErrConflict</name>
         <value>0x2000001c</value>
         <object_component_ref idref="oc-ca"/>
      </symbol>
      <symbol id="sm-1c3">
         <name>ADC_Init</name>
         <value>0x4f1</value>
         <object_component_ref idref="oc-73"/>
      </symbol>
      <symbol id="sm-1c4">
         <name>LogicAnalyzer_P4_765432</name>
         <value>0x137</value>
         <object_component_ref idref="oc-73"/>
      </symbol>
      <symbol id="sm-1c5">
         <name>LogicAnalyzer_P27_P26_P82_P92_P104_P105</name>
         <value>0x1d3</value>
         <object_component_ref idref="oc-73"/>
      </symbol>
      <symbol id="sm-1c6">
         <name>PeriodicTask2_Init</name>
         <value>0x2b9</value>
         <object_component_ref idref="oc-73"/>
      </symbol>
      <symbol id="sm-1c7">
         <name>LogicAnalyzer_P55_P54_P27_P26_P37_P36</name>
         <value>0x20b</value>
         <object_component_ref idref="oc-73"/>
      </symbol>
      <symbol id="sm-1c8">
         <name>LogicAnalyzer_P1</name>
         <value>0xef</value>
         <object_component_ref idref="oc-73"/>
      </symbol>
      <symbol id="sm-1c9">
         <name>LogicAnalyzer_P3</name>
         <value>0x11b</value>
         <object_component_ref idref="oc-73"/>
      </symbol>
      <symbol id="sm-1ca">
         <name>LogicAnalyzer_P2</name>
         <value>0xfd</value>
         <object_component_ref idref="oc-73"/>
      </symbol>
      <symbol id="sm-1cb">
         <name>LogicAnalyzer_P5</name>
         <value>0x17f</value>
         <object_component_ref idref="oc-73"/>
      </symbol>
      <symbol id="sm-1cc">
         <name>LogicAnalyzer_P4</name>
         <value>0x129</value>
         <object_component_ref idref="oc-73"/>
      </symbol>
      <symbol id="sm-1cd">
         <name>LogicAnalyzer_P7</name>
         <value>0x19b</value>
         <object_component_ref idref="oc-73"/>
      </symbol>
      <symbol id="sm-1ce">
         <name>LogicAnalyzer_P6</name>
         <value>0x18d</value>
         <object_component_ref idref="oc-73"/>
      </symbol>
      <symbol id="sm-1cf">
         <name>LogicAnalyzer_P9</name>
         <value>0x1b7</value>
         <object_component_ref idref="oc-73"/>
      </symbol>
      <symbol id="sm-1d0">
         <name>LogicAnalyzer_P8</name>
         <value>0x1a9</value>
         <object_component_ref idref="oc-73"/>
      </symbol>
      <symbol id="sm-1d1">
         <name>TExaS_ScopeWrnReconfig</name>
         <value>0x20000020</value>
         <object_component_ref idref="oc-ca"/>
      </symbol>
      <symbol id="sm-1d2">
         <name>TExaS_Task0</name>
         <value>0x3c9</value>
         <object_component_ref idref="oc-73"/>
      </symbol>
      <symbol id="sm-1d3">
         <name>TExaS_Task1</name>
         <value>0x3d5</value>
         <object_component_ref idref="oc-73"/>
      </symbol>
      <symbol id="sm-1d4">
         <name>TExaS_Task2</name>
         <value>0x3e1</value>
         <object_component_ref idref="oc-73"/>
      </symbol>
      <symbol id="sm-1d5">
         <name>TExaS_Task3</name>
         <value>0x3ed</value>
         <object_component_ref idref="oc-73"/>
      </symbol>
      <symbol id="sm-1d6">
         <name>TExaS_Task4</name>
         <value>0x3f9</value>
         <object_component_ref idref="oc-73"/>
      </symbol>
      <symbol id="sm-1d7">
         <name>TExaS_Task5</name>
         <value>0x3fb</value>
         <object_component_ref idref="oc-73"/>
      </symbol>
      <symbol id="sm-1d8">
         <name>TExaS_Task6</name>
         <value>0x407</value>
         <object_component_ref idref="oc-73"/>
      </symbol>
      <symbol id="sm-1d9">
         <name>Scope</name>
         <value>0x235</value>
         <object_component_ref idref="oc-73"/>
      </symbol>
      <symbol id="sm-1da">
         <name>TExaS_Set0</name>
         <value>0x42b</value>
         <object_component_ref idref="oc-73"/>
      </symbol>
      <symbol id="sm-1db">
         <name>TExaS_Set1</name>
         <value>0x437</value>
         <object_component_ref idref="oc-73"/>
      </symbol>
      <symbol id="sm-1dc">
         <name>TExaS_Set2</name>
         <value>0x443</value>
         <object_component_ref idref="oc-73"/>
      </symbol>
      <symbol id="sm-1dd">
         <name>TExaS_Set3</name>
         <value>0x44f</value>
         <object_component_ref idref="oc-73"/>
      </symbol>
      <symbol id="sm-1de">
         <name>TExaS_Set4</name>
         <value>0x45b</value>
         <object_component_ref idref="oc-73"/>
      </symbol>
      <symbol id="sm-1df">
         <name>TExaS_Set5</name>
         <value>0x45d</value>
         <object_component_ref idref="oc-73"/>
      </symbol>
      <symbol id="sm-1e0">
         <name>TExaS_Set6</name>
         <value>0x475</value>
         <object_component_ref idref="oc-73"/>
      </symbol>
      <symbol id="sm-1e1">
         <name>TExaS_ScopeErrLostData</name>
         <value>0x20000018</value>
         <object_component_ref idref="oc-ca"/>
      </symbol>
      <symbol id="sm-1e2">
         <name>PeriodicTask2_Stop</name>
         <value>0x333</value>
         <object_component_ref idref="oc-73"/>
      </symbol>
      <symbol id="sm-1e3">
         <name>LogicAnalyzer_P10</name>
         <value>0x1c5</value>
         <object_component_ref idref="oc-73"/>
      </symbol>
      <symbol id="sm-1e4">
         <name>TExaS_Init</name>
         <value>0x5b5</value>
         <object_component_ref idref="oc-73"/>
      </symbol>
      <symbol id="sm-1e5">
         <name>UART_InChar</name>
         <value>0x39d</value>
         <object_component_ref idref="oc-73"/>
      </symbol>
      <symbol id="sm-1e6">
         <name>LogicAnalyzer</name>
         <value>0xe5</value>
         <object_component_ref idref="oc-73"/>
      </symbol>
      <symbol id="sm-1e7">
         <name>LogicAnalyzer_P4_765320</name>
         <value>0x147</value>
         <object_component_ref idref="oc-73"/>
      </symbol>
      <symbol id="sm-1e8">
         <name>T32_INT1_IRQHandler</name>
         <value>0x323</value>
         <object_component_ref idref="oc-73"/>
      </symbol>
      <symbol id="sm-1e9">
         <name>UART_Init</name>
         <value>0x343</value>
         <object_component_ref idref="oc-73"/>
      </symbol>
      <symbol id="sm-1ea">
         <name>LogicAnalyzer_P2_7654</name>
         <value>0x10b</value>
         <object_component_ref idref="oc-73"/>
      </symbol>
      <symbol id="sm-1eb">
         <name>UART_OutChar</name>
         <value>0x3ad</value>
         <object_component_ref idref="oc-73"/>
      </symbol>
      <symbol id="sm-1ec">
         <name>TExaS_Set</name>
         <value>0x413</value>
         <object_component_ref idref="oc-73"/>
      </symbol>
      <symbol id="sm-204">
         <name>TimerA1Task</name>
         <value>0x20000030</value>
      </symbol>
      <symbol id="sm-205">
         <name>TimerA1_Init</name>
         <value>0x1229</value>
         <object_component_ref idref="oc-6d"/>
      </symbol>
      <symbol id="sm-206">
         <name>TA1_0_IRQHandler</name>
         <value>0x127f</value>
         <object_component_ref idref="oc-6d"/>
      </symbol>
      <symbol id="sm-207">
         <name>TimerA1_Stop</name>
         <value>0x127d</value>
         <object_component_ref idref="oc-6d"/>
      </symbol>
      <symbol id="sm-21c">
         <name>Reset_Handler</name>
         <value>0x144b</value>
         <object_component_ref idref="oc-67"/>
      </symbol>
      <symbol id="sm-21d">
         <name>Default_Handler</name>
         <value>0x1457</value>
         <object_component_ref idref="oc-67"/>
      </symbol>
      <symbol id="sm-21e">
         <name>interruptVectors</name>
         <value>0x0</value>
         <object_component_ref idref="oc-26"/>
      </symbol>
      <symbol id="sm-264">
         <name>SystemInit</name>
         <value>0xa21</value>
         <object_component_ref idref="oc-b7"/>
      </symbol>
      <symbol id="sm-265">
         <name>SystemCoreClockUpdate</name>
         <value>0x7ad</value>
         <object_component_ref idref="oc-b7"/>
      </symbol>
      <symbol id="sm-266">
         <name>SystemCoreClock</name>
         <value>0x20000024</value>
         <object_component_ref idref="oc-144"/>
      </symbol>
      <symbol id="sm-27f">
         <name>__TI_zero_init_nomemset</name>
         <value>0x1421</value>
         <object_component_ref idref="oc-43"/>
      </symbol>
      <symbol id="sm-296">
         <name>__TI_decompress_none</name>
         <value>0x143d</value>
         <object_component_ref idref="oc-1d"/>
      </symbol>
      <symbol id="sm-2b9">
         <name>__TI_decompress_lzss</name>
         <value>0x131d</value>
         <object_component_ref idref="oc-17"/>
      </symbol>
      <symbol id="sm-2cc">
         <name>__stack</name>
         <value>0x2000fe00</value>
         <object_component_ref idref="oc-29"/>
      </symbol>
      <symbol id="sm-2cd">
         <name>_c_int00_noargs</name>
         <value>0x13c9</value>
         <object_component_ref idref="oc-55"/>
      </symbol>
      <symbol id="sm-2e8">
         <name>memcpy</name>
         <value>0x118d</value>
         <object_component_ref idref="oc-37"/>
      </symbol>
      <symbol id="sm-2e9">
         <name>__aeabi_memcpy</name>
         <value>0x118d</value>
         <object_component_ref idref="oc-37"/>
      </symbol>
      <symbol id="sm-2ea">
         <name>__aeabi_memcpy8</name>
         <value>0x118d</value>
         <object_component_ref idref="oc-37"/>
      </symbol>
      <symbol id="sm-2eb">
         <name>__aeabi_memcpy4</name>
         <value>0x118d</value>
         <object_component_ref idref="oc-37"/>
      </symbol>
      <symbol id="sm-314">
         <name>__TI_auto_init_nobinit_nopinit</name>
         <value>0x1385</value>
         <object_component_ref idref="oc-112"/>
      </symbol>
      <symbol id="sm-31e">
         <name>_system_pre_init</name>
         <value>0x1459</value>
         <object_component_ref idref="oc-9f"/>
      </symbol>
      <symbol id="sm-32a">
         <name>C$$EXIT</name>
         <value>0x145d</value>
         <object_component_ref idref="oc-106"/>
      </symbol>
      <symbol id="sm-32b">
         <name>abort</name>
         <value>0x145d</value>
         <object_component_ref idref="oc-106"/>
      </symbol>
      <symbol id="sm-32e">
         <name>__TI_static_base__</name>
         <value>0x0</value>
      </symbol>
      <symbol id="sm-331">
         <name>__mpu_init</name>
         <value>0x0</value>
      </symbol>
      <symbol id="sm-332">
         <name>_system_post_cinit</name>
         <value>0x0</value>
      </symbol>
      <symbol id="sm-333">
         <name>NMI_Handler</name>
         <value>0x1457</value>
      </symbol>
      <symbol id="sm-334">
         <name>HardFault_Handler</name>
         <value>0x1457</value>
      </symbol>
      <symbol id="sm-335">
         <name>MemManage_Handler</name>
         <value>0x1457</value>
      </symbol>
      <symbol id="sm-336">
         <name>BusFault_Handler</name>
         <value>0x1457</value>
      </symbol>
      <symbol id="sm-337">
         <name>UsageFault_Handler</name>
         <value>0x1457</value>
      </symbol>
      <symbol id="sm-338">
         <name>SVC_Handler</name>
         <value>0x1457</value>
      </symbol>
      <symbol id="sm-339">
         <name>DebugMon_Handler</name>
         <value>0x1457</value>
      </symbol>
      <symbol id="sm-33a">
         <name>PendSV_Handler</name>
         <value>0x1457</value>
      </symbol>
      <symbol id="sm-33b">
         <name>SysTick_Handler</name>
         <value>0x1457</value>
      </symbol>
      <symbol id="sm-33c">
         <name>PSS_IRQHandler</name>
         <value>0x1457</value>
      </symbol>
      <symbol id="sm-33d">
         <name>CS_IRQHandler</name>
         <value>0x1457</value>
      </symbol>
      <symbol id="sm-33e">
         <name>PCM_IRQHandler</name>
         <value>0x1457</value>
      </symbol>
      <symbol id="sm-33f">
         <name>WDT_A_IRQHandler</name>
         <value>0x1457</value>
      </symbol>
      <symbol id="sm-340">
         <name>FPU_IRQHandler</name>
         <value>0x1457</value>
      </symbol>
      <symbol id="sm-341">
         <name>FLCTL_IRQHandler</name>
         <value>0x1457</value>
      </symbol>
      <symbol id="sm-342">
         <name>COMP_E0_IRQHandler</name>
         <value>0x1457</value>
      </symbol>
      <symbol id="sm-343">
         <name>COMP_E1_IRQHandler</name>
         <value>0x1457</value>
      </symbol>
      <symbol id="sm-344">
         <name>TA0_0_IRQHandler</name>
         <value>0x1457</value>
      </symbol>
      <symbol id="sm-345">
         <name>TA0_N_IRQHandler</name>
         <value>0x1457</value>
      </symbol>
      <symbol id="sm-346">
         <name>TA1_0_IRQHandler</name>
         <value>0x127f</value>
      </symbol>
      <symbol id="sm-347">
         <name>TA1_N_IRQHandler</name>
         <value>0x1457</value>
      </symbol>
      <symbol id="sm-348">
         <name>TA2_0_IRQHandler</name>
         <value>0x1457</value>
      </symbol>
      <symbol id="sm-349">
         <name>TA2_N_IRQHandler</name>
         <value>0x1457</value>
      </symbol>
      <symbol id="sm-34a">
         <name>TA3_0_IRQHandler</name>
         <value>0x1457</value>
      </symbol>
      <symbol id="sm-34b">
         <name>TA3_N_IRQHandler</name>
         <value>0x1457</value>
      </symbol>
      <symbol id="sm-34c">
         <name>EUSCIA0_IRQHandler</name>
         <value>0x1457</value>
      </symbol>
      <symbol id="sm-34d">
         <name>EUSCIA1_IRQHandler</name>
         <value>0x1457</value>
      </symbol>
      <symbol id="sm-34e">
         <name>EUSCIA2_IRQHandler</name>
         <value>0x1457</value>
      </symbol>
      <symbol id="sm-34f">
         <name>EUSCIA3_IRQHandler</name>
         <value>0x1457</value>
      </symbol>
      <symbol id="sm-350">
         <name>EUSCIB0_IRQHandler</name>
         <value>0x1457</value>
      </symbol>
      <symbol id="sm-351">
         <name>EUSCIB1_IRQHandler</name>
         <value>0x1457</value>
      </symbol>
      <symbol id="sm-352">
         <name>EUSCIB2_IRQHandler</name>
         <value>0x1457</value>
      </symbol>
      <symbol id="sm-353">
         <name>EUSCIB3_IRQHandler</name>
         <value>0x1457</value>
      </symbol>
      <symbol id="sm-354">
         <name>ADC14_IRQHandler</name>
         <value>0x1457</value>
      </symbol>
      <symbol id="sm-355">
         <name>T32_INT1_IRQHandler</name>
         <value>0x323</value>
      </symbol>
      <symbol id="sm-356">
         <name>T32_INT2_IRQHandler</name>
         <value>0x1457</value>
      </symbol>
      <symbol id="sm-357">
         <name>T32_INTC_IRQHandler</name>
         <value>0x1457</value>
      </symbol>
      <symbol id="sm-358">
         <name>AES256_IRQHandler</name>
         <value>0x1457</value>
      </symbol>
      <symbol id="sm-359">
         <name>RTC_C_IRQHandler</name>
         <value>0x1457</value>
      </symbol>
      <symbol id="sm-35a">
         <name>DMA_ERR_IRQHandler</name>
         <value>0x1457</value>
      </symbol>
      <symbol id="sm-35b">
         <name>DMA_INT3_IRQHandler</name>
         <value>0x1457</value>
      </symbol>
      <symbol id="sm-35c">
         <name>DMA_INT2_IRQHandler</name>
         <value>0x1457</value>
      </symbol>
      <symbol id="sm-35d">
         <name>DMA_INT1_IRQHandler</name>
         <value>0x1457</value>
      </symbol>
      <symbol id="sm-35e">
         <name>DMA_INT0_IRQHandler</name>
         <value>0x1457</value>
      </symbol>
      <symbol id="sm-35f">
         <name>PORT1_IRQHandler</name>
         <value>0x1457</value>
      </symbol>
      <symbol id="sm-360">
         <name>PORT2_IRQHandler</name>
         <value>0x1457</value>
      </symbol>
      <symbol id="sm-361">
         <name>PORT3_IRQHandler</name>
         <value>0x1457</value>
      </symbol>
      <symbol id="sm-362">
         <name>PORT4_IRQHandler</name>
         <value>0xf77</value>
      </symbol>
      <symbol id="sm-363">
         <name>PORT5_IRQHandler</name>
         <value>0x1457</value>
      </symbol>
      <symbol id="sm-364">
         <name>PORT6_IRQHandler</name>
         <value>0x1457</value>
      </symbol>
   </symbol_table>
   <title>Link successful</title>
</link_info>
